<!doctype html public "-//w3c//dtd html 4.0 transitional//en">
<html><head>
<title>Static Call Graph - [.\Objects\MM32F3277.axf]</title></head>
<body><HR>
<H1>Static Call Graph for image .\Objects\MM32F3277.axf</H1><HR>
<BR><P>#&#060CALLGRAPH&#062# ARM Linker, 6160001: Last Updated: Mon Aug 15 22:44:27 2022
<BR><P>
<H3>Maximum Stack Usage =        296 bytes + Unknown(Cycles, Untraceable Function Pointers)</H3><H3>
Call chain for Maximum Stack Depth:</H3>
main &rArr; ips114_showfloat &rArr; zf_sprintf &rArr; __aeabi_dsub &rArr; __aeabi_dadd &rArr; _double_epilogue &rArr; _double_round
<P>
<H3>
Mutually Recursive functions
</H3> <LI><a href="#[9]">SysTick_Handler</a>&nbsp;&nbsp;&nbsp;&rArr;&nbsp;&nbsp;&nbsp;<a href="#[9]">SysTick_Handler</a><BR>
 <LI><a href="#[1c]">ADC1_2_IRQHandler</a>&nbsp;&nbsp;&nbsp;&rArr;&nbsp;&nbsp;&nbsp;<a href="#[1c]">ADC1_2_IRQHandler</a><BR>
 <LI><a href="#[4]">BusFault_Handler</a>&nbsp;&nbsp;&nbsp;&rArr;&nbsp;&nbsp;&nbsp;<a href="#[4]">BusFault_Handler</a><BR>
 <LI><a href="#[7]">DebugMon_Handler</a>&nbsp;&nbsp;&nbsp;&rArr;&nbsp;&nbsp;&nbsp;<a href="#[7]">DebugMon_Handler</a><BR>
 <LI><a href="#[2]">HardFault_Handler</a>&nbsp;&nbsp;&nbsp;&rArr;&nbsp;&nbsp;&nbsp;<a href="#[2]">HardFault_Handler</a><BR>
 <LI><a href="#[3]">MemManage_Handler</a>&nbsp;&nbsp;&nbsp;&rArr;&nbsp;&nbsp;&nbsp;<a href="#[3]">MemManage_Handler</a><BR>
 <LI><a href="#[1]">NMI_Handler</a>&nbsp;&nbsp;&nbsp;&rArr;&nbsp;&nbsp;&nbsp;<a href="#[1]">NMI_Handler</a><BR>
 <LI><a href="#[8]">PendSV_Handler</a>&nbsp;&nbsp;&nbsp;&rArr;&nbsp;&nbsp;&nbsp;<a href="#[8]">PendSV_Handler</a><BR>
 <LI><a href="#[6]">SVC_Handler</a>&nbsp;&nbsp;&nbsp;&rArr;&nbsp;&nbsp;&nbsp;<a href="#[6]">SVC_Handler</a><BR>
 <LI><a href="#[5]">UsageFault_Handler</a>&nbsp;&nbsp;&nbsp;&rArr;&nbsp;&nbsp;&nbsp;<a href="#[5]">UsageFault_Handler</a><BR>
</UL>
<P>
<H3>
Function Pointers
</H3><UL>
 <LI><a href="#[1c]">ADC1_2_IRQHandler</a> from startup_mm32f327x_keil.o(.text) referenced from startup_mm32f327x_keil.o(RESET)
 <LI><a href="#[35]">ADC3_IRQHandler</a> from startup_mm32f327x_keil.o(.text) referenced from startup_mm32f327x_keil.o(RESET)
 <LI><a href="#[4]">BusFault_Handler</a> from common.o(.text.BusFault_Handler) referenced from startup_mm32f327x_keil.o(RESET)
 <LI><a href="#[1e]">CAN1_RX_IRQHandler</a> from startup_mm32f327x_keil.o(.text) referenced from startup_mm32f327x_keil.o(RESET)
 <LI><a href="#[43]">COMP1_2_IRQHandler</a> from startup_mm32f327x_keil.o(.text) referenced from startup_mm32f327x_keil.o(RESET)
 <LI><a href="#[15]">DMA1_Channel1_IRQHandler</a> from isr.o(.text.DMA1_Channel1_IRQHandler) referenced from startup_mm32f327x_keil.o(RESET)
 <LI><a href="#[16]">DMA1_Channel2_IRQHandler</a> from isr.o(.text.DMA1_Channel2_IRQHandler) referenced from startup_mm32f327x_keil.o(RESET)
 <LI><a href="#[17]">DMA1_Channel3_IRQHandler</a> from isr.o(.text.DMA1_Channel3_IRQHandler) referenced from startup_mm32f327x_keil.o(RESET)
 <LI><a href="#[18]">DMA1_Channel4_IRQHandler</a> from isr.o(.text.DMA1_Channel4_IRQHandler) referenced from startup_mm32f327x_keil.o(RESET)
 <LI><a href="#[19]">DMA1_Channel5_IRQHandler</a> from isr.o(.text.DMA1_Channel5_IRQHandler) referenced from startup_mm32f327x_keil.o(RESET)
 <LI><a href="#[1a]">DMA1_Channel6_IRQHandler</a> from isr.o(.text.DMA1_Channel6_IRQHandler) referenced from startup_mm32f327x_keil.o(RESET)
 <LI><a href="#[1b]">DMA1_Channel7_IRQHandler</a> from isr.o(.text.DMA1_Channel7_IRQHandler) referenced from startup_mm32f327x_keil.o(RESET)
 <LI><a href="#[3d]">DMA2_Channel1_IRQHandler</a> from isr.o(.text.DMA2_Channel1_IRQHandler) referenced from startup_mm32f327x_keil.o(RESET)
 <LI><a href="#[3e]">DMA2_Channel2_IRQHandler</a> from isr.o(.text.DMA2_Channel2_IRQHandler) referenced from startup_mm32f327x_keil.o(RESET)
 <LI><a href="#[3f]">DMA2_Channel3_IRQHandler</a> from isr.o(.text.DMA2_Channel3_IRQHandler) referenced from startup_mm32f327x_keil.o(RESET)
 <LI><a href="#[40]">DMA2_Channel4_IRQHandler</a> from isr.o(.text.DMA2_Channel4_IRQHandler) referenced from startup_mm32f327x_keil.o(RESET)
 <LI><a href="#[41]">DMA2_Channel5_IRQHandler</a> from isr.o(.text.DMA2_Channel5_IRQHandler) referenced from startup_mm32f327x_keil.o(RESET)
 <LI><a href="#[7]">DebugMon_Handler</a> from common.o(.text.DebugMon_Handler) referenced from startup_mm32f327x_keil.o(RESET)
 <LI><a href="#[42]">ETH_IRQHandler</a> from startup_mm32f327x_keil.o(.text) referenced from startup_mm32f327x_keil.o(RESET)
 <LI><a href="#[10]">EXTI0_IRQHandler</a> from isr.o(.text.EXTI0_IRQHandler) referenced from startup_mm32f327x_keil.o(RESET)
 <LI><a href="#[2e]">EXTI15_10_IRQHandler</a> from isr.o(.text.EXTI15_10_IRQHandler) referenced from startup_mm32f327x_keil.o(RESET)
 <LI><a href="#[11]">EXTI1_IRQHandler</a> from isr.o(.text.EXTI1_IRQHandler) referenced from startup_mm32f327x_keil.o(RESET)
 <LI><a href="#[12]">EXTI2_IRQHandler</a> from isr.o(.text.EXTI2_IRQHandler) referenced from startup_mm32f327x_keil.o(RESET)
 <LI><a href="#[13]">EXTI3_IRQHandler</a> from isr.o(.text.EXTI3_IRQHandler) referenced from startup_mm32f327x_keil.o(RESET)
 <LI><a href="#[14]">EXTI4_IRQHandler</a> from isr.o(.text.EXTI4_IRQHandler) referenced from startup_mm32f327x_keil.o(RESET)
 <LI><a href="#[1f]">EXTI9_5_IRQHandler</a> from isr.o(.text.EXTI9_5_IRQHandler) referenced from startup_mm32f327x_keil.o(RESET)
 <LI><a href="#[e]">FLASH_IRQHandler</a> from startup_mm32f327x_keil.o(.text) referenced from startup_mm32f327x_keil.o(RESET)
 <LI><a href="#[1d]">FlashCache_IRQHandler</a> from startup_mm32f327x_keil.o(.text) referenced from startup_mm32f327x_keil.o(RESET)
 <LI><a href="#[2]">HardFault_Handler</a> from common.o(.text.HardFault_Handler) referenced from startup_mm32f327x_keil.o(RESET)
 <LI><a href="#[27]">I2C1_IRQHandler</a> from startup_mm32f327x_keil.o(.text) referenced from startup_mm32f327x_keil.o(RESET)
 <LI><a href="#[28]">I2C2_IRQHandler</a> from startup_mm32f327x_keil.o(.text) referenced from startup_mm32f327x_keil.o(RESET)
 <LI><a href="#[3]">MemManage_Handler</a> from common.o(.text.MemManage_Handler) referenced from startup_mm32f327x_keil.o(RESET)
 <LI><a href="#[1]">NMI_Handler</a> from common.o(.text.NMI_Handler) referenced from startup_mm32f327x_keil.o(RESET)
 <LI><a href="#[44]">OTG_FS_IRQHandler</a> from startup_mm32f327x_keil.o(.text) referenced from startup_mm32f327x_keil.o(RESET)
 <LI><a href="#[30]">OTG_FS_WKUP_IRQHandler</a> from startup_mm32f327x_keil.o(.text) referenced from startup_mm32f327x_keil.o(RESET)
 <LI><a href="#[b]">PVD_IRQHandler</a> from startup_mm32f327x_keil.o(.text) referenced from startup_mm32f327x_keil.o(RESET)
 <LI><a href="#[8]">PendSV_Handler</a> from common.o(.text.PendSV_Handler) referenced from startup_mm32f327x_keil.o(RESET)
 <LI><a href="#[f]">RCC_CRS_IRQHandler</a> from startup_mm32f327x_keil.o(.text) referenced from startup_mm32f327x_keil.o(RESET)
 <LI><a href="#[2f]">RTCAlarm_IRQHandler</a> from startup_mm32f327x_keil.o(.text) referenced from startup_mm32f327x_keil.o(RESET)
 <LI><a href="#[d]">RTC_IRQHandler</a> from startup_mm32f327x_keil.o(.text) referenced from startup_mm32f327x_keil.o(RESET)
 <LI><a href="#[0]">Reset_Handler</a> from startup_mm32f327x_keil.o(.text) referenced from startup_mm32f327x_keil.o(RESET)
 <LI><a href="#[36]">SDIO_IRQHandler</a> from startup_mm32f327x_keil.o(.text) referenced from startup_mm32f327x_keil.o(RESET)
 <LI><a href="#[29]">SPI1_IRQHandler</a> from startup_mm32f327x_keil.o(.text) referenced from startup_mm32f327x_keil.o(RESET)
 <LI><a href="#[2a]">SPI2_IRQHandler</a> from startup_mm32f327x_keil.o(.text) referenced from startup_mm32f327x_keil.o(RESET)
 <LI><a href="#[38]">SPI3_IRQHandler</a> from startup_mm32f327x_keil.o(.text) referenced from startup_mm32f327x_keil.o(RESET)
 <LI><a href="#[6]">SVC_Handler</a> from common.o(.text.SVC_Handler) referenced from startup_mm32f327x_keil.o(RESET)
 <LI><a href="#[9]">SysTick_Handler</a> from startup_mm32f327x_keil.o(.text) referenced from startup_mm32f327x_keil.o(RESET)
 <LI><a href="#[49]">SystemInit</a> from system_mm32f327x.o(.text.SystemInit) referenced from startup_mm32f327x_keil.o(.text)
 <LI><a href="#[c]">TAMPER_IRQHandler</a> from startup_mm32f327x_keil.o(.text) referenced from startup_mm32f327x_keil.o(RESET)
 <LI><a href="#[20]">TIM1_BRK_IRQHandler</a> from startup_mm32f327x_keil.o(.text) referenced from startup_mm32f327x_keil.o(RESET)
 <LI><a href="#[23]">TIM1_CC_IRQHandler</a> from startup_mm32f327x_keil.o(.text) referenced from startup_mm32f327x_keil.o(RESET)
 <LI><a href="#[22]">TIM1_TRG_COM_IRQHandler</a> from startup_mm32f327x_keil.o(.text) referenced from startup_mm32f327x_keil.o(RESET)
 <LI><a href="#[21]">TIM1_UP_IRQHandler</a> from isr.o(.text.TIM1_UP_IRQHandler) referenced from startup_mm32f327x_keil.o(RESET)
 <LI><a href="#[24]">TIM2_IRQHandler</a> from isr.o(.text.TIM2_IRQHandler) referenced from startup_mm32f327x_keil.o(RESET)
 <LI><a href="#[25]">TIM3_IRQHandler</a> from isr.o(.text.TIM3_IRQHandler) referenced from startup_mm32f327x_keil.o(RESET)
 <LI><a href="#[26]">TIM4_IRQHandler</a> from startup_mm32f327x_keil.o(.text) referenced from startup_mm32f327x_keil.o(RESET)
 <LI><a href="#[37]">TIM5_IRQHandler</a> from isr.o(.text.TIM5_IRQHandler) referenced from startup_mm32f327x_keil.o(RESET)
 <LI><a href="#[3b]">TIM6_IRQHandler</a> from isr.o(.text.TIM6_IRQHandler) referenced from startup_mm32f327x_keil.o(RESET)
 <LI><a href="#[3c]">TIM7_IRQHandler</a> from isr.o(.text.TIM7_IRQHandler) referenced from startup_mm32f327x_keil.o(RESET)
 <LI><a href="#[31]">TIM8_BRK_IRQHandler</a> from startup_mm32f327x_keil.o(.text) referenced from startup_mm32f327x_keil.o(RESET)
 <LI><a href="#[34]">TIM8_CC_IRQHandler</a> from startup_mm32f327x_keil.o(.text) referenced from startup_mm32f327x_keil.o(RESET)
 <LI><a href="#[33]">TIM8_TRG_COM_IRQHandler</a> from startup_mm32f327x_keil.o(.text) referenced from startup_mm32f327x_keil.o(RESET)
 <LI><a href="#[32]">TIM8_UP_IRQHandler</a> from isr.o(.text.TIM8_UP_IRQHandler) referenced from startup_mm32f327x_keil.o(RESET)
 <LI><a href="#[2b]">UART1_IRQHandler</a> from isr.o(.text.UART1_IRQHandler) referenced from startup_mm32f327x_keil.o(RESET)
 <LI><a href="#[2c]">UART2_IRQHandler</a> from isr.o(.text.UART2_IRQHandler) referenced from startup_mm32f327x_keil.o(RESET)
 <LI><a href="#[2d]">UART3_IRQHandler</a> from isr.o(.text.UART3_IRQHandler) referenced from startup_mm32f327x_keil.o(RESET)
 <LI><a href="#[39]">UART4_IRQHandler</a> from isr.o(.text.UART4_IRQHandler) referenced from startup_mm32f327x_keil.o(RESET)
 <LI><a href="#[3a]">UART5_IRQHandler</a> from isr.o(.text.UART5_IRQHandler) referenced from startup_mm32f327x_keil.o(RESET)
 <LI><a href="#[45]">UART6_IRQHandler</a> from isr.o(.text.UART6_IRQHandler) referenced from startup_mm32f327x_keil.o(RESET)
 <LI><a href="#[46]">UART7_IRQHandler</a> from isr.o(.text.UART7_IRQHandler) referenced from startup_mm32f327x_keil.o(RESET)
 <LI><a href="#[47]">UART8_IRQHandler</a> from isr.o(.text.UART8_IRQHandler) referenced from startup_mm32f327x_keil.o(RESET)
 <LI><a href="#[5]">UsageFault_Handler</a> from common.o(.text.UsageFault_Handler) referenced from startup_mm32f327x_keil.o(RESET)
 <LI><a href="#[a]">WWDG_IRQHandler</a> from startup_mm32f327x_keil.o(.text) referenced from startup_mm32f327x_keil.o(RESET)
 <LI><a href="#[4a]">__main</a> from entry.o(.ARM.Collect$$$$00000000) referenced from startup_mm32f327x_keil.o(.text)
 <LI><a href="#[4b]">fputc</a> from zf_uart.o(.text.fputc) referenced from printf6.o(i.__0printf$6)
 <LI><a href="#[48]">main</a> from main.o(.text.main) referenced from entry9a.o(.ARM.Collect$$$$0000000B)
</UL>
<P>
<H3>
Global Symbols
</H3>
<P><STRONG><a name="[4a]"></a>__main</STRONG> (Thumb, 0 bytes, Stack size unknown bytes, entry.o(.ARM.Collect$$$$00000000))
<BR>[Address Reference Count : 1]<UL><LI> startup_mm32f327x_keil.o(.text)
</UL>
<P><STRONG><a name="[dd]"></a>_main_stk</STRONG> (Thumb, 0 bytes, Stack size unknown bytes, entry2.o(.ARM.Collect$$$$00000001))

<P><STRONG><a name="[4c]"></a>_main_scatterload</STRONG> (Thumb, 0 bytes, Stack size unknown bytes, entry5.o(.ARM.Collect$$$$00000004))
<BR><BR>[Calls]<UL><LI><a href="#[4d]">&gt;&gt;</a>&nbsp;&nbsp;&nbsp;__scatterload
</UL>

<P><STRONG><a name="[67]"></a>__main_after_scatterload</STRONG> (Thumb, 0 bytes, Stack size unknown bytes, entry5.o(.ARM.Collect$$$$00000004))
<BR><BR>[Called By]<UL><LI><a href="#[4d]">&gt;&gt;</a>&nbsp;&nbsp;&nbsp;__scatterload
</UL>

<P><STRONG><a name="[de]"></a>_main_clock</STRONG> (Thumb, 0 bytes, Stack size unknown bytes, entry7b.o(.ARM.Collect$$$$00000008))

<P><STRONG><a name="[df]"></a>_main_cpp_init</STRONG> (Thumb, 0 bytes, Stack size unknown bytes, entry8b.o(.ARM.Collect$$$$0000000A))

<P><STRONG><a name="[e0]"></a>_main_init</STRONG> (Thumb, 0 bytes, Stack size unknown bytes, entry9a.o(.ARM.Collect$$$$0000000B))

<P><STRONG><a name="[e1]"></a>__rt_final_cpp</STRONG> (Thumb, 0 bytes, Stack size unknown bytes, entry10a.o(.ARM.Collect$$$$0000000D))

<P><STRONG><a name="[e2]"></a>__rt_final_exit</STRONG> (Thumb, 0 bytes, Stack size unknown bytes, entry11a.o(.ARM.Collect$$$$0000000F))

<P><STRONG><a name="[0]"></a>Reset_Handler</STRONG> (Thumb, 8 bytes, Stack size 0 bytes, startup_mm32f327x_keil.o(.text))
<BR>[Address Reference Count : 1]<UL><LI> startup_mm32f327x_keil.o(RESET)
</UL>
<P><STRONG><a name="[9]"></a>SysTick_Handler</STRONG> (Thumb, 2 bytes, Stack size 0 bytes, startup_mm32f327x_keil.o(.text))
<BR><BR>[Calls]<UL><LI><a href="#[9]">&gt;&gt;</a>&nbsp;&nbsp;&nbsp;SysTick_Handler
</UL>
<BR>[Called By]<UL><LI><a href="#[9]">&gt;&gt;</a>&nbsp;&nbsp;&nbsp;SysTick_Handler
</UL>
<BR>[Address Reference Count : 1]<UL><LI> startup_mm32f327x_keil.o(RESET)
</UL>
<P><STRONG><a name="[1c]"></a>ADC1_2_IRQHandler</STRONG> (Thumb, 0 bytes, Stack size 0 bytes, startup_mm32f327x_keil.o(.text))
<BR><BR>[Calls]<UL><LI><a href="#[1c]">&gt;&gt;</a>&nbsp;&nbsp;&nbsp;ADC1_2_IRQHandler
</UL>
<BR>[Called By]<UL><LI><a href="#[1c]">&gt;&gt;</a>&nbsp;&nbsp;&nbsp;ADC1_2_IRQHandler
</UL>
<BR>[Address Reference Count : 1]<UL><LI> startup_mm32f327x_keil.o(RESET)
</UL>
<P><STRONG><a name="[35]"></a>ADC3_IRQHandler</STRONG> (Thumb, 0 bytes, Stack size 0 bytes, startup_mm32f327x_keil.o(.text))
<BR>[Address Reference Count : 1]<UL><LI> startup_mm32f327x_keil.o(RESET)
</UL>
<P><STRONG><a name="[1e]"></a>CAN1_RX_IRQHandler</STRONG> (Thumb, 0 bytes, Stack size 0 bytes, startup_mm32f327x_keil.o(.text))
<BR>[Address Reference Count : 1]<UL><LI> startup_mm32f327x_keil.o(RESET)
</UL>
<P><STRONG><a name="[43]"></a>COMP1_2_IRQHandler</STRONG> (Thumb, 0 bytes, Stack size 0 bytes, startup_mm32f327x_keil.o(.text))
<BR>[Address Reference Count : 1]<UL><LI> startup_mm32f327x_keil.o(RESET)
</UL>
<P><STRONG><a name="[42]"></a>ETH_IRQHandler</STRONG> (Thumb, 0 bytes, Stack size 0 bytes, startup_mm32f327x_keil.o(.text))
<BR>[Address Reference Count : 1]<UL><LI> startup_mm32f327x_keil.o(RESET)
</UL>
<P><STRONG><a name="[e]"></a>FLASH_IRQHandler</STRONG> (Thumb, 0 bytes, Stack size 0 bytes, startup_mm32f327x_keil.o(.text))
<BR>[Address Reference Count : 1]<UL><LI> startup_mm32f327x_keil.o(RESET)
</UL>
<P><STRONG><a name="[1d]"></a>FlashCache_IRQHandler</STRONG> (Thumb, 0 bytes, Stack size 0 bytes, startup_mm32f327x_keil.o(.text))
<BR>[Address Reference Count : 1]<UL><LI> startup_mm32f327x_keil.o(RESET)
</UL>
<P><STRONG><a name="[27]"></a>I2C1_IRQHandler</STRONG> (Thumb, 0 bytes, Stack size 0 bytes, startup_mm32f327x_keil.o(.text))
<BR>[Address Reference Count : 1]<UL><LI> startup_mm32f327x_keil.o(RESET)
</UL>
<P><STRONG><a name="[28]"></a>I2C2_IRQHandler</STRONG> (Thumb, 0 bytes, Stack size 0 bytes, startup_mm32f327x_keil.o(.text))
<BR>[Address Reference Count : 1]<UL><LI> startup_mm32f327x_keil.o(RESET)
</UL>
<P><STRONG><a name="[44]"></a>OTG_FS_IRQHandler</STRONG> (Thumb, 0 bytes, Stack size 0 bytes, startup_mm32f327x_keil.o(.text))
<BR>[Address Reference Count : 1]<UL><LI> startup_mm32f327x_keil.o(RESET)
</UL>
<P><STRONG><a name="[30]"></a>OTG_FS_WKUP_IRQHandler</STRONG> (Thumb, 0 bytes, Stack size 0 bytes, startup_mm32f327x_keil.o(.text))
<BR>[Address Reference Count : 1]<UL><LI> startup_mm32f327x_keil.o(RESET)
</UL>
<P><STRONG><a name="[b]"></a>PVD_IRQHandler</STRONG> (Thumb, 0 bytes, Stack size 0 bytes, startup_mm32f327x_keil.o(.text))
<BR>[Address Reference Count : 1]<UL><LI> startup_mm32f327x_keil.o(RESET)
</UL>
<P><STRONG><a name="[f]"></a>RCC_CRS_IRQHandler</STRONG> (Thumb, 0 bytes, Stack size 0 bytes, startup_mm32f327x_keil.o(.text))
<BR>[Address Reference Count : 1]<UL><LI> startup_mm32f327x_keil.o(RESET)
</UL>
<P><STRONG><a name="[2f]"></a>RTCAlarm_IRQHandler</STRONG> (Thumb, 0 bytes, Stack size 0 bytes, startup_mm32f327x_keil.o(.text))
<BR>[Address Reference Count : 1]<UL><LI> startup_mm32f327x_keil.o(RESET)
</UL>
<P><STRONG><a name="[d]"></a>RTC_IRQHandler</STRONG> (Thumb, 0 bytes, Stack size 0 bytes, startup_mm32f327x_keil.o(.text))
<BR>[Address Reference Count : 1]<UL><LI> startup_mm32f327x_keil.o(RESET)
</UL>
<P><STRONG><a name="[36]"></a>SDIO_IRQHandler</STRONG> (Thumb, 0 bytes, Stack size 0 bytes, startup_mm32f327x_keil.o(.text))
<BR>[Address Reference Count : 1]<UL><LI> startup_mm32f327x_keil.o(RESET)
</UL>
<P><STRONG><a name="[29]"></a>SPI1_IRQHandler</STRONG> (Thumb, 0 bytes, Stack size 0 bytes, startup_mm32f327x_keil.o(.text))
<BR>[Address Reference Count : 1]<UL><LI> startup_mm32f327x_keil.o(RESET)
</UL>
<P><STRONG><a name="[2a]"></a>SPI2_IRQHandler</STRONG> (Thumb, 0 bytes, Stack size 0 bytes, startup_mm32f327x_keil.o(.text))
<BR>[Address Reference Count : 1]<UL><LI> startup_mm32f327x_keil.o(RESET)
</UL>
<P><STRONG><a name="[38]"></a>SPI3_IRQHandler</STRONG> (Thumb, 0 bytes, Stack size 0 bytes, startup_mm32f327x_keil.o(.text))
<BR>[Address Reference Count : 1]<UL><LI> startup_mm32f327x_keil.o(RESET)
</UL>
<P><STRONG><a name="[c]"></a>TAMPER_IRQHandler</STRONG> (Thumb, 0 bytes, Stack size 0 bytes, startup_mm32f327x_keil.o(.text))
<BR>[Address Reference Count : 1]<UL><LI> startup_mm32f327x_keil.o(RESET)
</UL>
<P><STRONG><a name="[20]"></a>TIM1_BRK_IRQHandler</STRONG> (Thumb, 0 bytes, Stack size 0 bytes, startup_mm32f327x_keil.o(.text))
<BR>[Address Reference Count : 1]<UL><LI> startup_mm32f327x_keil.o(RESET)
</UL>
<P><STRONG><a name="[23]"></a>TIM1_CC_IRQHandler</STRONG> (Thumb, 0 bytes, Stack size 0 bytes, startup_mm32f327x_keil.o(.text))
<BR>[Address Reference Count : 1]<UL><LI> startup_mm32f327x_keil.o(RESET)
</UL>
<P><STRONG><a name="[22]"></a>TIM1_TRG_COM_IRQHandler</STRONG> (Thumb, 0 bytes, Stack size 0 bytes, startup_mm32f327x_keil.o(.text))
<BR>[Address Reference Count : 1]<UL><LI> startup_mm32f327x_keil.o(RESET)
</UL>
<P><STRONG><a name="[26]"></a>TIM4_IRQHandler</STRONG> (Thumb, 0 bytes, Stack size 0 bytes, startup_mm32f327x_keil.o(.text))
<BR>[Address Reference Count : 1]<UL><LI> startup_mm32f327x_keil.o(RESET)
</UL>
<P><STRONG><a name="[31]"></a>TIM8_BRK_IRQHandler</STRONG> (Thumb, 0 bytes, Stack size 0 bytes, startup_mm32f327x_keil.o(.text))
<BR>[Address Reference Count : 1]<UL><LI> startup_mm32f327x_keil.o(RESET)
</UL>
<P><STRONG><a name="[34]"></a>TIM8_CC_IRQHandler</STRONG> (Thumb, 0 bytes, Stack size 0 bytes, startup_mm32f327x_keil.o(.text))
<BR>[Address Reference Count : 1]<UL><LI> startup_mm32f327x_keil.o(RESET)
</UL>
<P><STRONG><a name="[33]"></a>TIM8_TRG_COM_IRQHandler</STRONG> (Thumb, 0 bytes, Stack size 0 bytes, startup_mm32f327x_keil.o(.text))
<BR>[Address Reference Count : 1]<UL><LI> startup_mm32f327x_keil.o(RESET)
</UL>
<P><STRONG><a name="[a]"></a>WWDG_IRQHandler</STRONG> (Thumb, 0 bytes, Stack size 0 bytes, startup_mm32f327x_keil.o(.text))
<BR>[Address Reference Count : 1]<UL><LI> startup_mm32f327x_keil.o(RESET)
</UL>
<P><STRONG><a name="[d0]"></a>__aeabi_memcpy</STRONG> (Thumb, 36 bytes, Stack size 0 bytes, memcpya.o(.text))
<BR><BR>[Called By]<UL><LI><a href="#[c0]">&gt;&gt;</a>&nbsp;&nbsp;&nbsp;zf_sprintf
</UL>

<P><STRONG><a name="[e3]"></a>__aeabi_memcpy4</STRONG> (Thumb, 0 bytes, Stack size 0 bytes, memcpya.o(.text), UNUSED)

<P><STRONG><a name="[e4]"></a>__aeabi_memcpy8</STRONG> (Thumb, 0 bytes, Stack size 0 bytes, memcpya.o(.text), UNUSED)

<P><STRONG><a name="[4f]"></a>__aeabi_memset</STRONG> (Thumb, 14 bytes, Stack size 0 bytes, memseta.o(.text))
<BR><BR>[Called By]<UL><LI><a href="#[c0]">&gt;&gt;</a>&nbsp;&nbsp;&nbsp;zf_sprintf
<LI><a href="#[c8]">&gt;&gt;</a>&nbsp;&nbsp;&nbsp;pengzhang2
<LI><a href="#[50]">&gt;&gt;</a>&nbsp;&nbsp;&nbsp;_memset$wrapper
<LI><a href="#[4e]">&gt;&gt;</a>&nbsp;&nbsp;&nbsp;__aeabi_memclr
</UL>

<P><STRONG><a name="[e5]"></a>__aeabi_memset4</STRONG> (Thumb, 0 bytes, Stack size 0 bytes, memseta.o(.text), UNUSED)

<P><STRONG><a name="[e6]"></a>__aeabi_memset8</STRONG> (Thumb, 0 bytes, Stack size 0 bytes, memseta.o(.text), UNUSED)

<P><STRONG><a name="[4e]"></a>__aeabi_memclr</STRONG> (Thumb, 4 bytes, Stack size 0 bytes, memseta.o(.text))
<BR><BR>[Calls]<UL><LI><a href="#[4f]">&gt;&gt;</a>&nbsp;&nbsp;&nbsp;__aeabi_memset
</UL>
<BR>[Called By]<UL><LI><a href="#[c8]">&gt;&gt;</a>&nbsp;&nbsp;&nbsp;pengzhang2
<LI><a href="#[c3]">&gt;&gt;</a>&nbsp;&nbsp;&nbsp;link_domain_label
</UL>

<P><STRONG><a name="[b0]"></a>__aeabi_memclr4</STRONG> (Thumb, 0 bytes, Stack size 0 bytes, memseta.o(.text))
<BR><BR>[Called By]<UL><LI><a href="#[af]">&gt;&gt;</a>&nbsp;&nbsp;&nbsp;clean
</UL>

<P><STRONG><a name="[e7]"></a>__aeabi_memclr8</STRONG> (Thumb, 0 bytes, Stack size 0 bytes, memseta.o(.text), UNUSED)

<P><STRONG><a name="[50]"></a>_memset$wrapper</STRONG> (Thumb, 18 bytes, Stack size 8 bytes, memseta.o(.text), UNUSED)
<BR><BR>[Calls]<UL><LI><a href="#[4f]">&gt;&gt;</a>&nbsp;&nbsp;&nbsp;__aeabi_memset
</UL>

<P><STRONG><a name="[51]"></a>__aeabi_fadd</STRONG> (Thumb, 164 bytes, Stack size 16 bytes, fadd.o(.text))
<BR><BR>[Stack]<UL><LI>Max Depth = 20<LI>Call Chain = __aeabi_fadd &rArr; _float_epilogue
</UL>
<BR>[Calls]<UL><LI><a href="#[53]">&gt;&gt;</a>&nbsp;&nbsp;&nbsp;_float_round
<LI><a href="#[52]">&gt;&gt;</a>&nbsp;&nbsp;&nbsp;_float_epilogue
</UL>
<BR>[Called By]<UL><LI><a href="#[54]">&gt;&gt;</a>&nbsp;&nbsp;&nbsp;__aeabi_fsub
<LI><a href="#[48]">&gt;&gt;</a>&nbsp;&nbsp;&nbsp;main
<LI><a href="#[99]">&gt;&gt;</a>&nbsp;&nbsp;&nbsp;out_Turn
<LI><a href="#[96]">&gt;&gt;</a>&nbsp;&nbsp;&nbsp;Speed_PID
<LI><a href="#[92]">&gt;&gt;</a>&nbsp;&nbsp;&nbsp;Speed_Measure
<LI><a href="#[83]">&gt;&gt;</a>&nbsp;&nbsp;&nbsp;KalmanFilter
<LI><a href="#[82]">&gt;&gt;</a>&nbsp;&nbsp;&nbsp;In_Turn
<LI><a href="#[80]">&gt;&gt;</a>&nbsp;&nbsp;&nbsp;Gyro_PID
<LI><a href="#[76]">&gt;&gt;</a>&nbsp;&nbsp;&nbsp;Fhan_ADRC
<LI><a href="#[68]">&gt;&gt;</a>&nbsp;&nbsp;&nbsp;Angle_PID
<LI><a href="#[55]">&gt;&gt;</a>&nbsp;&nbsp;&nbsp;__aeabi_frsub
</UL>

<P><STRONG><a name="[54]"></a>__aeabi_fsub</STRONG> (Thumb, 6 bytes, Stack size 0 bytes, fadd.o(.text))
<BR><BR>[Stack]<UL><LI>Max Depth = 20<LI>Call Chain = __aeabi_fsub &rArr; __aeabi_fadd &rArr; _float_epilogue
</UL>
<BR>[Calls]<UL><LI><a href="#[51]">&gt;&gt;</a>&nbsp;&nbsp;&nbsp;__aeabi_fadd
</UL>
<BR>[Called By]<UL><LI><a href="#[77]">&gt;&gt;</a>&nbsp;&nbsp;&nbsp;my_sqrt
<LI><a href="#[99]">&gt;&gt;</a>&nbsp;&nbsp;&nbsp;out_Turn
<LI><a href="#[96]">&gt;&gt;</a>&nbsp;&nbsp;&nbsp;Speed_PID
<LI><a href="#[83]">&gt;&gt;</a>&nbsp;&nbsp;&nbsp;KalmanFilter
<LI><a href="#[82]">&gt;&gt;</a>&nbsp;&nbsp;&nbsp;In_Turn
<LI><a href="#[80]">&gt;&gt;</a>&nbsp;&nbsp;&nbsp;Gyro_PID
<LI><a href="#[76]">&gt;&gt;</a>&nbsp;&nbsp;&nbsp;Fhan_ADRC
<LI><a href="#[68]">&gt;&gt;</a>&nbsp;&nbsp;&nbsp;Angle_PID
</UL>

<P><STRONG><a name="[55]"></a>__aeabi_frsub</STRONG> (Thumb, 6 bytes, Stack size 0 bytes, fadd.o(.text), UNUSED)
<BR><BR>[Calls]<UL><LI><a href="#[51]">&gt;&gt;</a>&nbsp;&nbsp;&nbsp;__aeabi_fadd
</UL>

<P><STRONG><a name="[69]"></a>__aeabi_fmul</STRONG> (Thumb, 100 bytes, Stack size 8 bytes, fmul.o(.text))
<BR><BR>[Stack]<UL><LI>Max Depth = 8<LI>Call Chain = __aeabi_fmul
</UL>
<BR>[Called By]<UL><LI><a href="#[77]">&gt;&gt;</a>&nbsp;&nbsp;&nbsp;my_sqrt
<LI><a href="#[8b]">&gt;&gt;</a>&nbsp;&nbsp;&nbsp;pwm_init
<LI><a href="#[cf]">&gt;&gt;</a>&nbsp;&nbsp;&nbsp;pwm_duty_updata
<LI><a href="#[99]">&gt;&gt;</a>&nbsp;&nbsp;&nbsp;out_Turn
<LI><a href="#[21]">&gt;&gt;</a>&nbsp;&nbsp;&nbsp;TIM1_UP_IRQHandler
<LI><a href="#[96]">&gt;&gt;</a>&nbsp;&nbsp;&nbsp;Speed_PID
<LI><a href="#[92]">&gt;&gt;</a>&nbsp;&nbsp;&nbsp;Speed_Measure
<LI><a href="#[83]">&gt;&gt;</a>&nbsp;&nbsp;&nbsp;KalmanFilter
<LI><a href="#[82]">&gt;&gt;</a>&nbsp;&nbsp;&nbsp;In_Turn
<LI><a href="#[80]">&gt;&gt;</a>&nbsp;&nbsp;&nbsp;Gyro_PID
<LI><a href="#[76]">&gt;&gt;</a>&nbsp;&nbsp;&nbsp;Fhan_ADRC
<LI><a href="#[68]">&gt;&gt;</a>&nbsp;&nbsp;&nbsp;Angle_PID
</UL>

<P><STRONG><a name="[56]"></a>__aeabi_fdiv</STRONG> (Thumb, 124 bytes, Stack size 8 bytes, fdiv.o(.text))
<BR><BR>[Stack]<UL><LI>Max Depth = 8<LI>Call Chain = __aeabi_fdiv
</UL>
<BR>[Calls]<UL><LI><a href="#[53]">&gt;&gt;</a>&nbsp;&nbsp;&nbsp;_float_round
</UL>
<BR>[Called By]<UL><LI><a href="#[8b]">&gt;&gt;</a>&nbsp;&nbsp;&nbsp;pwm_init
<LI><a href="#[cf]">&gt;&gt;</a>&nbsp;&nbsp;&nbsp;pwm_duty_updata
<LI><a href="#[21]">&gt;&gt;</a>&nbsp;&nbsp;&nbsp;TIM1_UP_IRQHandler
<LI><a href="#[96]">&gt;&gt;</a>&nbsp;&nbsp;&nbsp;Speed_PID
<LI><a href="#[92]">&gt;&gt;</a>&nbsp;&nbsp;&nbsp;Speed_Measure
<LI><a href="#[83]">&gt;&gt;</a>&nbsp;&nbsp;&nbsp;KalmanFilter
<LI><a href="#[80]">&gt;&gt;</a>&nbsp;&nbsp;&nbsp;Gyro_PID
<LI><a href="#[76]">&gt;&gt;</a>&nbsp;&nbsp;&nbsp;Fhan_ADRC
</UL>

<P><STRONG><a name="[57]"></a>__aeabi_dadd</STRONG> (Thumb, 322 bytes, Stack size 48 bytes, dadd.o(.text))
<BR><BR>[Stack]<UL><LI>Max Depth = 88<LI>Call Chain = __aeabi_dadd &rArr; _double_epilogue &rArr; _double_round
</UL>
<BR>[Calls]<UL><LI><a href="#[59]">&gt;&gt;</a>&nbsp;&nbsp;&nbsp;__aeabi_lasr
<LI><a href="#[58]">&gt;&gt;</a>&nbsp;&nbsp;&nbsp;__aeabi_llsl
<LI><a href="#[5b]">&gt;&gt;</a>&nbsp;&nbsp;&nbsp;_double_round
<LI><a href="#[5a]">&gt;&gt;</a>&nbsp;&nbsp;&nbsp;_double_epilogue
</UL>
<BR>[Called By]<UL><LI><a href="#[5c]">&gt;&gt;</a>&nbsp;&nbsp;&nbsp;__aeabi_dsub
<LI><a href="#[48]">&gt;&gt;</a>&nbsp;&nbsp;&nbsp;main
<LI><a href="#[21]">&gt;&gt;</a>&nbsp;&nbsp;&nbsp;TIM1_UP_IRQHandler
<LI><a href="#[96]">&gt;&gt;</a>&nbsp;&nbsp;&nbsp;Speed_PID
<LI><a href="#[92]">&gt;&gt;</a>&nbsp;&nbsp;&nbsp;Speed_Measure
<LI><a href="#[83]">&gt;&gt;</a>&nbsp;&nbsp;&nbsp;KalmanFilter
<LI><a href="#[80]">&gt;&gt;</a>&nbsp;&nbsp;&nbsp;Gyro_PID
<LI><a href="#[7a]">&gt;&gt;</a>&nbsp;&nbsp;&nbsp;Get_Attitude
<LI><a href="#[5d]">&gt;&gt;</a>&nbsp;&nbsp;&nbsp;__aeabi_drsub
<LI><a href="#[7c]">&gt;&gt;</a>&nbsp;&nbsp;&nbsp;acos
<LI><a href="#[d4]">&gt;&gt;</a>&nbsp;&nbsp;&nbsp;__kernel_poly
</UL>

<P><STRONG><a name="[5c]"></a>__aeabi_dsub</STRONG> (Thumb, 6 bytes, Stack size 0 bytes, dadd.o(.text))
<BR><BR>[Stack]<UL><LI>Max Depth = 88<LI>Call Chain = __aeabi_dsub &rArr; __aeabi_dadd &rArr; _double_epilogue &rArr; _double_round
</UL>
<BR>[Calls]<UL><LI><a href="#[57]">&gt;&gt;</a>&nbsp;&nbsp;&nbsp;__aeabi_dadd
</UL>
<BR>[Called By]<UL><LI><a href="#[c0]">&gt;&gt;</a>&nbsp;&nbsp;&nbsp;zf_sprintf
<LI><a href="#[83]">&gt;&gt;</a>&nbsp;&nbsp;&nbsp;KalmanFilter
<LI><a href="#[7c]">&gt;&gt;</a>&nbsp;&nbsp;&nbsp;acos
</UL>

<P><STRONG><a name="[5d]"></a>__aeabi_drsub</STRONG> (Thumb, 6 bytes, Stack size 0 bytes, dadd.o(.text))
<BR><BR>[Stack]<UL><LI>Max Depth = 88<LI>Call Chain = __aeabi_drsub &rArr; __aeabi_dadd &rArr; _double_epilogue &rArr; _double_round
</UL>
<BR>[Calls]<UL><LI><a href="#[57]">&gt;&gt;</a>&nbsp;&nbsp;&nbsp;__aeabi_dadd
</UL>
<BR>[Called By]<UL><LI><a href="#[7c]">&gt;&gt;</a>&nbsp;&nbsp;&nbsp;acos
</UL>

<P><STRONG><a name="[5e]"></a>__aeabi_dmul</STRONG> (Thumb, 228 bytes, Stack size 48 bytes, dmul.o(.text))
<BR><BR>[Stack]<UL><LI>Max Depth = 88<LI>Call Chain = __aeabi_dmul &rArr; _double_epilogue &rArr; _double_round
</UL>
<BR>[Calls]<UL><LI><a href="#[5a]">&gt;&gt;</a>&nbsp;&nbsp;&nbsp;_double_epilogue
</UL>
<BR>[Called By]<UL><LI><a href="#[c0]">&gt;&gt;</a>&nbsp;&nbsp;&nbsp;zf_sprintf
<LI><a href="#[96]">&gt;&gt;</a>&nbsp;&nbsp;&nbsp;Speed_PID
<LI><a href="#[92]">&gt;&gt;</a>&nbsp;&nbsp;&nbsp;Speed_Measure
<LI><a href="#[83]">&gt;&gt;</a>&nbsp;&nbsp;&nbsp;KalmanFilter
<LI><a href="#[80]">&gt;&gt;</a>&nbsp;&nbsp;&nbsp;Gyro_PID
<LI><a href="#[7a]">&gt;&gt;</a>&nbsp;&nbsp;&nbsp;Get_Attitude
<LI><a href="#[7c]">&gt;&gt;</a>&nbsp;&nbsp;&nbsp;acos
<LI><a href="#[d4]">&gt;&gt;</a>&nbsp;&nbsp;&nbsp;__kernel_poly
</UL>

<P><STRONG><a name="[5f]"></a>__aeabi_ddiv</STRONG> (Thumb, 222 bytes, Stack size 32 bytes, ddiv.o(.text))
<BR><BR>[Stack]<UL><LI>Max Depth = 40<LI>Call Chain = __aeabi_ddiv &rArr; _double_round
</UL>
<BR>[Calls]<UL><LI><a href="#[5b]">&gt;&gt;</a>&nbsp;&nbsp;&nbsp;_double_round
</UL>
<BR>[Called By]<UL><LI><a href="#[48]">&gt;&gt;</a>&nbsp;&nbsp;&nbsp;main
<LI><a href="#[7a]">&gt;&gt;</a>&nbsp;&nbsp;&nbsp;Get_Attitude
<LI><a href="#[7c]">&gt;&gt;</a>&nbsp;&nbsp;&nbsp;acos
<LI><a href="#[d7]">&gt;&gt;</a>&nbsp;&nbsp;&nbsp;__mathlib_dbl_invalid
</UL>

<P><STRONG><a name="[95]"></a>__aeabi_fcmple</STRONG> (Thumb, 28 bytes, Stack size 0 bytes, fcmple.o(.text))
<BR><BR>[Called By]<UL><LI><a href="#[96]">&gt;&gt;</a>&nbsp;&nbsp;&nbsp;Speed_PID
<LI><a href="#[92]">&gt;&gt;</a>&nbsp;&nbsp;&nbsp;Speed_Measure
</UL>

<P><STRONG><a name="[78]"></a>__aeabi_fcmplt</STRONG> (Thumb, 28 bytes, Stack size 0 bytes, fcmplt.o(.text))
<BR><BR>[Called By]<UL><LI><a href="#[80]">&gt;&gt;</a>&nbsp;&nbsp;&nbsp;Gyro_PID
<LI><a href="#[76]">&gt;&gt;</a>&nbsp;&nbsp;&nbsp;Fhan_ADRC
</UL>

<P><STRONG><a name="[6b]"></a>__aeabi_fcmpge</STRONG> (Thumb, 28 bytes, Stack size 0 bytes, fcmpge.o(.text))
<BR><BR>[Called By]<UL><LI><a href="#[99]">&gt;&gt;</a>&nbsp;&nbsp;&nbsp;out_Turn
<LI><a href="#[96]">&gt;&gt;</a>&nbsp;&nbsp;&nbsp;Speed_PID
<LI><a href="#[82]">&gt;&gt;</a>&nbsp;&nbsp;&nbsp;In_Turn
<LI><a href="#[80]">&gt;&gt;</a>&nbsp;&nbsp;&nbsp;Gyro_PID
<LI><a href="#[68]">&gt;&gt;</a>&nbsp;&nbsp;&nbsp;Angle_PID
</UL>

<P><STRONG><a name="[6a]"></a>__aeabi_fcmpgt</STRONG> (Thumb, 28 bytes, Stack size 0 bytes, fcmpgt.o(.text))
<BR><BR>[Called By]<UL><LI><a href="#[99]">&gt;&gt;</a>&nbsp;&nbsp;&nbsp;out_Turn
<LI><a href="#[96]">&gt;&gt;</a>&nbsp;&nbsp;&nbsp;Speed_PID
<LI><a href="#[92]">&gt;&gt;</a>&nbsp;&nbsp;&nbsp;Speed_Measure
<LI><a href="#[82]">&gt;&gt;</a>&nbsp;&nbsp;&nbsp;In_Turn
<LI><a href="#[80]">&gt;&gt;</a>&nbsp;&nbsp;&nbsp;Gyro_PID
<LI><a href="#[76]">&gt;&gt;</a>&nbsp;&nbsp;&nbsp;Fhan_ADRC
<LI><a href="#[68]">&gt;&gt;</a>&nbsp;&nbsp;&nbsp;Angle_PID
</UL>

<P><STRONG><a name="[79]"></a>__aeabi_fcmpeq</STRONG> (Thumb, 28 bytes, Stack size 0 bytes, fcmpeq.o(.text))
<BR><BR>[Called By]<UL><LI><a href="#[76]">&gt;&gt;</a>&nbsp;&nbsp;&nbsp;Fhan_ADRC
</UL>

<P><STRONG><a name="[c1]"></a>__aeabi_dcmplt</STRONG> (Thumb, 54 bytes, Stack size 12 bytes, dcmplt.o(.text))
<BR><BR>[Stack]<UL><LI>Max Depth = 12<LI>Call Chain = __aeabi_dcmplt
</UL>
<BR>[Called By]<UL><LI><a href="#[be]">&gt;&gt;</a>&nbsp;&nbsp;&nbsp;ips114_showfloat
</UL>

<P><STRONG><a name="[bf]"></a>__aeabi_dcmpge</STRONG> (Thumb, 54 bytes, Stack size 12 bytes, dcmpge.o(.text))
<BR><BR>[Stack]<UL><LI>Max Depth = 12<LI>Call Chain = __aeabi_dcmpge
</UL>
<BR>[Called By]<UL><LI><a href="#[c0]">&gt;&gt;</a>&nbsp;&nbsp;&nbsp;zf_sprintf
<LI><a href="#[be]">&gt;&gt;</a>&nbsp;&nbsp;&nbsp;ips114_showfloat
</UL>

<P><STRONG><a name="[d1]"></a>__aeabi_dcmpeq</STRONG> (Thumb, 56 bytes, Stack size 12 bytes, dcmpeq.o(.text))
<BR><BR>[Stack]<UL><LI>Max Depth = 12<LI>Call Chain = __aeabi_dcmpeq
</UL>
<BR>[Called By]<UL><LI><a href="#[c0]">&gt;&gt;</a>&nbsp;&nbsp;&nbsp;zf_sprintf
</UL>

<P><STRONG><a name="[60]"></a>__aeabi_i2f</STRONG> (Thumb, 18 bytes, Stack size 0 bytes, fflti.o(.text))
<BR><BR>[Stack]<UL><LI>Max Depth = 4<LI>Call Chain = __aeabi_i2f &rArr; _float_epilogue
</UL>
<BR>[Calls]<UL><LI><a href="#[52]">&gt;&gt;</a>&nbsp;&nbsp;&nbsp;_float_epilogue
</UL>
<BR>[Called By]<UL><LI><a href="#[8b]">&gt;&gt;</a>&nbsp;&nbsp;&nbsp;pwm_init
<LI><a href="#[cf]">&gt;&gt;</a>&nbsp;&nbsp;&nbsp;pwm_duty_updata
<LI><a href="#[99]">&gt;&gt;</a>&nbsp;&nbsp;&nbsp;out_Turn
<LI><a href="#[21]">&gt;&gt;</a>&nbsp;&nbsp;&nbsp;TIM1_UP_IRQHandler
<LI><a href="#[92]">&gt;&gt;</a>&nbsp;&nbsp;&nbsp;Speed_Measure
<LI><a href="#[82]">&gt;&gt;</a>&nbsp;&nbsp;&nbsp;In_Turn
<LI><a href="#[7d]">&gt;&gt;</a>&nbsp;&nbsp;&nbsp;Get_Gyro
<LI><a href="#[76]">&gt;&gt;</a>&nbsp;&nbsp;&nbsp;Fhan_ADRC
</UL>

<P><STRONG><a name="[61]"></a>__aeabi_ui2f</STRONG> (Thumb, 10 bytes, Stack size 0 bytes, ffltui.o(.text))
<BR><BR>[Stack]<UL><LI>Max Depth = 4<LI>Call Chain = __aeabi_ui2f &rArr; _float_epilogue
</UL>
<BR>[Calls]<UL><LI><a href="#[52]">&gt;&gt;</a>&nbsp;&nbsp;&nbsp;_float_epilogue
</UL>
<BR>[Called By]<UL><LI><a href="#[8b]">&gt;&gt;</a>&nbsp;&nbsp;&nbsp;pwm_init
<LI><a href="#[cf]">&gt;&gt;</a>&nbsp;&nbsp;&nbsp;pwm_duty_updata
<LI><a href="#[76]">&gt;&gt;</a>&nbsp;&nbsp;&nbsp;Fhan_ADRC
</UL>

<P><STRONG><a name="[62]"></a>__aeabi_i2d</STRONG> (Thumb, 34 bytes, Stack size 16 bytes, dflti.o(.text))
<BR><BR>[Stack]<UL><LI>Max Depth = 56<LI>Call Chain = __aeabi_i2d &rArr; _double_epilogue &rArr; _double_round
</UL>
<BR>[Calls]<UL><LI><a href="#[5a]">&gt;&gt;</a>&nbsp;&nbsp;&nbsp;_double_epilogue
</UL>
<BR>[Called By]<UL><LI><a href="#[c0]">&gt;&gt;</a>&nbsp;&nbsp;&nbsp;zf_sprintf
<LI><a href="#[48]">&gt;&gt;</a>&nbsp;&nbsp;&nbsp;main
<LI><a href="#[7f]">&gt;&gt;</a>&nbsp;&nbsp;&nbsp;Get_Roi
<LI><a href="#[7a]">&gt;&gt;</a>&nbsp;&nbsp;&nbsp;Get_Attitude
</UL>

<P><STRONG><a name="[97]"></a>__aeabi_f2iz</STRONG> (Thumb, 50 bytes, Stack size 0 bytes, ffixi.o(.text))
<BR><BR>[Called By]<UL><LI><a href="#[8b]">&gt;&gt;</a>&nbsp;&nbsp;&nbsp;pwm_init
<LI><a href="#[cf]">&gt;&gt;</a>&nbsp;&nbsp;&nbsp;pwm_duty_updata
<LI><a href="#[48]">&gt;&gt;</a>&nbsp;&nbsp;&nbsp;main
<LI><a href="#[21]">&gt;&gt;</a>&nbsp;&nbsp;&nbsp;TIM1_UP_IRQHandler
</UL>

<P><STRONG><a name="[63]"></a>__aeabi_d2iz</STRONG> (Thumb, 62 bytes, Stack size 16 bytes, dfixi.o(.text))
<BR><BR>[Stack]<UL><LI>Max Depth = 16<LI>Call Chain = __aeabi_d2iz
</UL>
<BR>[Calls]<UL><LI><a href="#[64]">&gt;&gt;</a>&nbsp;&nbsp;&nbsp;__aeabi_llsr
</UL>
<BR>[Called By]<UL><LI><a href="#[c0]">&gt;&gt;</a>&nbsp;&nbsp;&nbsp;zf_sprintf
<LI><a href="#[48]">&gt;&gt;</a>&nbsp;&nbsp;&nbsp;main
<LI><a href="#[21]">&gt;&gt;</a>&nbsp;&nbsp;&nbsp;TIM1_UP_IRQHandler
<LI><a href="#[7a]">&gt;&gt;</a>&nbsp;&nbsp;&nbsp;Get_Attitude
</UL>

<P><STRONG><a name="[81]"></a>__aeabi_f2d</STRONG> (Thumb, 38 bytes, Stack size 0 bytes, f2d.o(.text))
<BR><BR>[Called By]<UL><LI><a href="#[48]">&gt;&gt;</a>&nbsp;&nbsp;&nbsp;main
<LI><a href="#[21]">&gt;&gt;</a>&nbsp;&nbsp;&nbsp;TIM1_UP_IRQHandler
<LI><a href="#[96]">&gt;&gt;</a>&nbsp;&nbsp;&nbsp;Speed_PID
<LI><a href="#[92]">&gt;&gt;</a>&nbsp;&nbsp;&nbsp;Speed_Measure
<LI><a href="#[83]">&gt;&gt;</a>&nbsp;&nbsp;&nbsp;KalmanFilter
<LI><a href="#[80]">&gt;&gt;</a>&nbsp;&nbsp;&nbsp;Gyro_PID
</UL>

<P><STRONG><a name="[65]"></a>__aeabi_d2f</STRONG> (Thumb, 56 bytes, Stack size 8 bytes, d2f.o(.text))
<BR><BR>[Stack]<UL><LI>Max Depth = 8<LI>Call Chain = __aeabi_d2f
</UL>
<BR>[Calls]<UL><LI><a href="#[53]">&gt;&gt;</a>&nbsp;&nbsp;&nbsp;_float_round
</UL>
<BR>[Called By]<UL><LI><a href="#[21]">&gt;&gt;</a>&nbsp;&nbsp;&nbsp;TIM1_UP_IRQHandler
<LI><a href="#[96]">&gt;&gt;</a>&nbsp;&nbsp;&nbsp;Speed_PID
<LI><a href="#[92]">&gt;&gt;</a>&nbsp;&nbsp;&nbsp;Speed_Measure
<LI><a href="#[83]">&gt;&gt;</a>&nbsp;&nbsp;&nbsp;KalmanFilter
<LI><a href="#[80]">&gt;&gt;</a>&nbsp;&nbsp;&nbsp;Gyro_PID
</UL>

<P><STRONG><a name="[e8]"></a>__aeabi_uidiv</STRONG> (Thumb, 0 bytes, Stack size 12 bytes, uidiv.o(.text), UNUSED)

<P><STRONG><a name="[d9]"></a>__aeabi_uidivmod</STRONG> (Thumb, 44 bytes, Stack size 12 bytes, uidiv.o(.text), UNUSED)
<BR><BR>[Called By]<UL><LI><a href="#[d3]">&gt;&gt;</a>&nbsp;&nbsp;&nbsp;_printf_core
</UL>

<P><STRONG><a name="[58]"></a>__aeabi_llsl</STRONG> (Thumb, 30 bytes, Stack size 0 bytes, llshl.o(.text))
<BR><BR>[Called By]<UL><LI><a href="#[57]">&gt;&gt;</a>&nbsp;&nbsp;&nbsp;__aeabi_dadd
<LI><a href="#[5a]">&gt;&gt;</a>&nbsp;&nbsp;&nbsp;_double_epilogue
</UL>

<P><STRONG><a name="[e9]"></a>_ll_shift_l</STRONG> (Thumb, 0 bytes, Stack size 0 bytes, llshl.o(.text), UNUSED)

<P><STRONG><a name="[64]"></a>__aeabi_llsr</STRONG> (Thumb, 32 bytes, Stack size 0 bytes, llushr.o(.text))
<BR><BR>[Called By]<UL><LI><a href="#[63]">&gt;&gt;</a>&nbsp;&nbsp;&nbsp;__aeabi_d2iz
<LI><a href="#[66]">&gt;&gt;</a>&nbsp;&nbsp;&nbsp;_dsqrt
<LI><a href="#[5a]">&gt;&gt;</a>&nbsp;&nbsp;&nbsp;_double_epilogue
</UL>

<P><STRONG><a name="[ea]"></a>_ll_ushift_r</STRONG> (Thumb, 0 bytes, Stack size 0 bytes, llushr.o(.text), UNUSED)

<P><STRONG><a name="[59]"></a>__aeabi_lasr</STRONG> (Thumb, 36 bytes, Stack size 0 bytes, llsshr.o(.text))
<BR><BR>[Called By]<UL><LI><a href="#[57]">&gt;&gt;</a>&nbsp;&nbsp;&nbsp;__aeabi_dadd
</UL>

<P><STRONG><a name="[eb]"></a>_ll_sshift_r</STRONG> (Thumb, 0 bytes, Stack size 0 bytes, llsshr.o(.text), UNUSED)

<P><STRONG><a name="[ec]"></a>__I$use$fp</STRONG> (Thumb, 0 bytes, Stack size 0 bytes, iusefp.o(.text), UNUSED)

<P><STRONG><a name="[53]"></a>_float_round</STRONG> (Thumb, 18 bytes, Stack size 0 bytes, fepilogue.o(.text))
<BR><BR>[Called By]<UL><LI><a href="#[51]">&gt;&gt;</a>&nbsp;&nbsp;&nbsp;__aeabi_fadd
<LI><a href="#[56]">&gt;&gt;</a>&nbsp;&nbsp;&nbsp;__aeabi_fdiv
<LI><a href="#[65]">&gt;&gt;</a>&nbsp;&nbsp;&nbsp;__aeabi_d2f
</UL>

<P><STRONG><a name="[52]"></a>_float_epilogue</STRONG> (Thumb, 92 bytes, Stack size 4 bytes, fepilogue.o(.text))
<BR><BR>[Stack]<UL><LI>Max Depth = 4<LI>Call Chain = _float_epilogue
</UL>
<BR>[Called By]<UL><LI><a href="#[61]">&gt;&gt;</a>&nbsp;&nbsp;&nbsp;__aeabi_ui2f
<LI><a href="#[51]">&gt;&gt;</a>&nbsp;&nbsp;&nbsp;__aeabi_fadd
<LI><a href="#[60]">&gt;&gt;</a>&nbsp;&nbsp;&nbsp;__aeabi_i2f
</UL>

<P><STRONG><a name="[5b]"></a>_double_round</STRONG> (Thumb, 30 bytes, Stack size 8 bytes, depilogue.o(.text))
<BR><BR>[Stack]<UL><LI>Max Depth = 8<LI>Call Chain = _double_round
</UL>
<BR>[Called By]<UL><LI><a href="#[5f]">&gt;&gt;</a>&nbsp;&nbsp;&nbsp;__aeabi_ddiv
<LI><a href="#[57]">&gt;&gt;</a>&nbsp;&nbsp;&nbsp;__aeabi_dadd
<LI><a href="#[66]">&gt;&gt;</a>&nbsp;&nbsp;&nbsp;_dsqrt
<LI><a href="#[5a]">&gt;&gt;</a>&nbsp;&nbsp;&nbsp;_double_epilogue
</UL>

<P><STRONG><a name="[5a]"></a>_double_epilogue</STRONG> (Thumb, 156 bytes, Stack size 32 bytes, depilogue.o(.text))
<BR><BR>[Stack]<UL><LI>Max Depth = 40<LI>Call Chain = _double_epilogue &rArr; _double_round
</UL>
<BR>[Calls]<UL><LI><a href="#[64]">&gt;&gt;</a>&nbsp;&nbsp;&nbsp;__aeabi_llsr
<LI><a href="#[58]">&gt;&gt;</a>&nbsp;&nbsp;&nbsp;__aeabi_llsl
<LI><a href="#[5b]">&gt;&gt;</a>&nbsp;&nbsp;&nbsp;_double_round
</UL>
<BR>[Called By]<UL><LI><a href="#[5e]">&gt;&gt;</a>&nbsp;&nbsp;&nbsp;__aeabi_dmul
<LI><a href="#[62]">&gt;&gt;</a>&nbsp;&nbsp;&nbsp;__aeabi_i2d
<LI><a href="#[57]">&gt;&gt;</a>&nbsp;&nbsp;&nbsp;__aeabi_dadd
</UL>

<P><STRONG><a name="[d6]"></a>__ARM_scalbn</STRONG> (Thumb, 46 bytes, Stack size 16 bytes, dscalb.o(.text))
<BR><BR>[Stack]<UL><LI>Max Depth = 16<LI>Call Chain = __ARM_scalbn
</UL>
<BR>[Called By]<UL><LI><a href="#[7c]">&gt;&gt;</a>&nbsp;&nbsp;&nbsp;acos
<LI><a href="#[d5]">&gt;&gt;</a>&nbsp;&nbsp;&nbsp;__mathlib_dbl_infnan
</UL>

<P><STRONG><a name="[ed]"></a>scalbn</STRONG> (Thumb, 0 bytes, Stack size 16 bytes, dscalb.o(.text), UNUSED)

<P><STRONG><a name="[66]"></a>_dsqrt</STRONG> (Thumb, 162 bytes, Stack size 32 bytes, dsqrt.o(.text))
<BR><BR>[Stack]<UL><LI>Max Depth = 40<LI>Call Chain = _dsqrt &rArr; _double_round
</UL>
<BR>[Calls]<UL><LI><a href="#[64]">&gt;&gt;</a>&nbsp;&nbsp;&nbsp;__aeabi_llsr
<LI><a href="#[5b]">&gt;&gt;</a>&nbsp;&nbsp;&nbsp;_double_round
</UL>
<BR>[Called By]<UL><LI><a href="#[dc]">&gt;&gt;</a>&nbsp;&nbsp;&nbsp;sqrt
</UL>

<P><STRONG><a name="[4d]"></a>__scatterload</STRONG> (Thumb, 28 bytes, Stack size 0 bytes, init.o(.text))
<BR><BR>[Calls]<UL><LI><a href="#[67]">&gt;&gt;</a>&nbsp;&nbsp;&nbsp;__main_after_scatterload
</UL>
<BR>[Called By]<UL><LI><a href="#[4c]">&gt;&gt;</a>&nbsp;&nbsp;&nbsp;_main_scatterload
</UL>

<P><STRONG><a name="[ee]"></a>__scatterload_rt2</STRONG> (Thumb, 0 bytes, Stack size 0 bytes, init.o(.text), UNUSED)

<P><STRONG><a name="[ef]"></a>__decompress</STRONG> (Thumb, 0 bytes, Stack size unknown bytes, __dczerorl2.o(.text), UNUSED)

<P><STRONG><a name="[f0]"></a>__decompress1</STRONG> (Thumb, 86 bytes, Stack size unknown bytes, __dczerorl2.o(.text), UNUSED)

<P><STRONG><a name="[8e]"></a>ADRC_Init</STRONG> (Thumb, 352 bytes, Stack size 36 bytes, adrc.o(.text.ADRC_Init))
<BR><BR>[Stack]<UL><LI>Max Depth = 36<LI>Call Chain = ADRC_Init
</UL>
<BR>[Called By]<UL><LI><a href="#[84]">&gt;&gt;</a>&nbsp;&nbsp;&nbsp;My_Init
</UL>

<P><STRONG><a name="[68]"></a>Angle_PID</STRONG> (Thumb, 128 bytes, Stack size 24 bytes, pid.o(.text.Angle_PID))
<BR><BR>[Stack]<UL><LI>Max Depth = 44<LI>Call Chain = Angle_PID &rArr; __aeabi_fsub &rArr; __aeabi_fadd &rArr; _float_epilogue
</UL>
<BR>[Calls]<UL><LI><a href="#[6a]">&gt;&gt;</a>&nbsp;&nbsp;&nbsp;__aeabi_fcmpgt
<LI><a href="#[6b]">&gt;&gt;</a>&nbsp;&nbsp;&nbsp;__aeabi_fcmpge
<LI><a href="#[54]">&gt;&gt;</a>&nbsp;&nbsp;&nbsp;__aeabi_fsub
<LI><a href="#[51]">&gt;&gt;</a>&nbsp;&nbsp;&nbsp;__aeabi_fadd
<LI><a href="#[69]">&gt;&gt;</a>&nbsp;&nbsp;&nbsp;__aeabi_fmul
</UL>
<BR>[Called By]<UL><LI><a href="#[21]">&gt;&gt;</a>&nbsp;&nbsp;&nbsp;TIM1_UP_IRQHandler
</UL>

<P><STRONG><a name="[4]"></a>BusFault_Handler</STRONG> (Thumb, 2 bytes, Stack size 0 bytes, common.o(.text.BusFault_Handler))
<BR><BR>[Calls]<UL><LI><a href="#[4]">&gt;&gt;</a>&nbsp;&nbsp;&nbsp;BusFault_Handler
</UL>
<BR>[Called By]<UL><LI><a href="#[4]">&gt;&gt;</a>&nbsp;&nbsp;&nbsp;BusFault_Handler
</UL>
<BR>[Address Reference Count : 1]<UL><LI> startup_mm32f327x_keil.o(RESET)
</UL>
<P><STRONG><a name="[15]"></a>DMA1_Channel1_IRQHandler</STRONG> (Thumb, 24 bytes, Stack size 8 bytes, isr.o(.text.DMA1_Channel1_IRQHandler))
<BR><BR>[Stack]<UL><LI>Max Depth = 8<LI>Call Chain = DMA1_Channel1_IRQHandler
</UL>
<BR>[Calls]<UL><LI><a href="#[6c]">&gt;&gt;</a>&nbsp;&nbsp;&nbsp;DMA_GetFlagStatus
<LI><a href="#[6d]">&gt;&gt;</a>&nbsp;&nbsp;&nbsp;DMA_ClearFlag
</UL>
<BR>[Address Reference Count : 1]<UL><LI> startup_mm32f327x_keil.o(RESET)
</UL>
<P><STRONG><a name="[16]"></a>DMA1_Channel2_IRQHandler</STRONG> (Thumb, 24 bytes, Stack size 8 bytes, isr.o(.text.DMA1_Channel2_IRQHandler))
<BR><BR>[Stack]<UL><LI>Max Depth = 8<LI>Call Chain = DMA1_Channel2_IRQHandler
</UL>
<BR>[Calls]<UL><LI><a href="#[6c]">&gt;&gt;</a>&nbsp;&nbsp;&nbsp;DMA_GetFlagStatus
<LI><a href="#[6d]">&gt;&gt;</a>&nbsp;&nbsp;&nbsp;DMA_ClearFlag
</UL>
<BR>[Address Reference Count : 1]<UL><LI> startup_mm32f327x_keil.o(RESET)
</UL>
<P><STRONG><a name="[17]"></a>DMA1_Channel3_IRQHandler</STRONG> (Thumb, 28 bytes, Stack size 8 bytes, isr.o(.text.DMA1_Channel3_IRQHandler))
<BR><BR>[Stack]<UL><LI>Max Depth = 8<LI>Call Chain = DMA1_Channel3_IRQHandler
</UL>
<BR>[Calls]<UL><LI><a href="#[6c]">&gt;&gt;</a>&nbsp;&nbsp;&nbsp;DMA_GetFlagStatus
<LI><a href="#[6d]">&gt;&gt;</a>&nbsp;&nbsp;&nbsp;DMA_ClearFlag
</UL>
<BR>[Address Reference Count : 1]<UL><LI> startup_mm32f327x_keil.o(RESET)
</UL>
<P><STRONG><a name="[18]"></a>DMA1_Channel4_IRQHandler</STRONG> (Thumb, 76 bytes, Stack size 8 bytes, isr.o(.text.DMA1_Channel4_IRQHandler))
<BR><BR>[Stack]<UL><LI>Max Depth = 8<LI>Call Chain = DMA1_Channel4_IRQHandler
</UL>
<BR>[Calls]<UL><LI><a href="#[70]">&gt;&gt;</a>&nbsp;&nbsp;&nbsp;ov7725_uart_dma
<LI><a href="#[6e]">&gt;&gt;</a>&nbsp;&nbsp;&nbsp;ov7725_dma
<LI><a href="#[6f]">&gt;&gt;</a>&nbsp;&nbsp;&nbsp;mt9v03x_dma
<LI><a href="#[6c]">&gt;&gt;</a>&nbsp;&nbsp;&nbsp;DMA_GetFlagStatus
<LI><a href="#[6d]">&gt;&gt;</a>&nbsp;&nbsp;&nbsp;DMA_ClearFlag
</UL>
<BR>[Address Reference Count : 1]<UL><LI> startup_mm32f327x_keil.o(RESET)
</UL>
<P><STRONG><a name="[19]"></a>DMA1_Channel5_IRQHandler</STRONG> (Thumb, 28 bytes, Stack size 8 bytes, isr.o(.text.DMA1_Channel5_IRQHandler))
<BR><BR>[Stack]<UL><LI>Max Depth = 8<LI>Call Chain = DMA1_Channel5_IRQHandler
</UL>
<BR>[Calls]<UL><LI><a href="#[6c]">&gt;&gt;</a>&nbsp;&nbsp;&nbsp;DMA_GetFlagStatus
<LI><a href="#[6d]">&gt;&gt;</a>&nbsp;&nbsp;&nbsp;DMA_ClearFlag
</UL>
<BR>[Address Reference Count : 1]<UL><LI> startup_mm32f327x_keil.o(RESET)
</UL>
<P><STRONG><a name="[1a]"></a>DMA1_Channel6_IRQHandler</STRONG> (Thumb, 28 bytes, Stack size 8 bytes, isr.o(.text.DMA1_Channel6_IRQHandler))
<BR><BR>[Stack]<UL><LI>Max Depth = 8<LI>Call Chain = DMA1_Channel6_IRQHandler
</UL>
<BR>[Calls]<UL><LI><a href="#[6c]">&gt;&gt;</a>&nbsp;&nbsp;&nbsp;DMA_GetFlagStatus
<LI><a href="#[6d]">&gt;&gt;</a>&nbsp;&nbsp;&nbsp;DMA_ClearFlag
</UL>
<BR>[Address Reference Count : 1]<UL><LI> startup_mm32f327x_keil.o(RESET)
</UL>
<P><STRONG><a name="[1b]"></a>DMA1_Channel7_IRQHandler</STRONG> (Thumb, 28 bytes, Stack size 8 bytes, isr.o(.text.DMA1_Channel7_IRQHandler))
<BR><BR>[Stack]<UL><LI>Max Depth = 8<LI>Call Chain = DMA1_Channel7_IRQHandler
</UL>
<BR>[Calls]<UL><LI><a href="#[6c]">&gt;&gt;</a>&nbsp;&nbsp;&nbsp;DMA_GetFlagStatus
<LI><a href="#[6d]">&gt;&gt;</a>&nbsp;&nbsp;&nbsp;DMA_ClearFlag
</UL>
<BR>[Address Reference Count : 1]<UL><LI> startup_mm32f327x_keil.o(RESET)
</UL>
<P><STRONG><a name="[3d]"></a>DMA2_Channel1_IRQHandler</STRONG> (Thumb, 30 bytes, Stack size 8 bytes, isr.o(.text.DMA2_Channel1_IRQHandler))
<BR><BR>[Stack]<UL><LI>Max Depth = 8<LI>Call Chain = DMA2_Channel1_IRQHandler
</UL>
<BR>[Calls]<UL><LI><a href="#[6c]">&gt;&gt;</a>&nbsp;&nbsp;&nbsp;DMA_GetFlagStatus
<LI><a href="#[6d]">&gt;&gt;</a>&nbsp;&nbsp;&nbsp;DMA_ClearFlag
</UL>
<BR>[Address Reference Count : 1]<UL><LI> startup_mm32f327x_keil.o(RESET)
</UL>
<P><STRONG><a name="[3e]"></a>DMA2_Channel2_IRQHandler</STRONG> (Thumb, 30 bytes, Stack size 8 bytes, isr.o(.text.DMA2_Channel2_IRQHandler))
<BR><BR>[Stack]<UL><LI>Max Depth = 8<LI>Call Chain = DMA2_Channel2_IRQHandler
</UL>
<BR>[Calls]<UL><LI><a href="#[6c]">&gt;&gt;</a>&nbsp;&nbsp;&nbsp;DMA_GetFlagStatus
<LI><a href="#[6d]">&gt;&gt;</a>&nbsp;&nbsp;&nbsp;DMA_ClearFlag
</UL>
<BR>[Address Reference Count : 1]<UL><LI> startup_mm32f327x_keil.o(RESET)
</UL>
<P><STRONG><a name="[3f]"></a>DMA2_Channel3_IRQHandler</STRONG> (Thumb, 32 bytes, Stack size 8 bytes, isr.o(.text.DMA2_Channel3_IRQHandler))
<BR><BR>[Stack]<UL><LI>Max Depth = 8<LI>Call Chain = DMA2_Channel3_IRQHandler
</UL>
<BR>[Calls]<UL><LI><a href="#[6c]">&gt;&gt;</a>&nbsp;&nbsp;&nbsp;DMA_GetFlagStatus
<LI><a href="#[6d]">&gt;&gt;</a>&nbsp;&nbsp;&nbsp;DMA_ClearFlag
</UL>
<BR>[Address Reference Count : 1]<UL><LI> startup_mm32f327x_keil.o(RESET)
</UL>
<P><STRONG><a name="[40]"></a>DMA2_Channel4_IRQHandler</STRONG> (Thumb, 32 bytes, Stack size 8 bytes, isr.o(.text.DMA2_Channel4_IRQHandler))
<BR><BR>[Stack]<UL><LI>Max Depth = 8<LI>Call Chain = DMA2_Channel4_IRQHandler
</UL>
<BR>[Calls]<UL><LI><a href="#[6c]">&gt;&gt;</a>&nbsp;&nbsp;&nbsp;DMA_GetFlagStatus
<LI><a href="#[6d]">&gt;&gt;</a>&nbsp;&nbsp;&nbsp;DMA_ClearFlag
</UL>
<BR>[Address Reference Count : 1]<UL><LI> startup_mm32f327x_keil.o(RESET)
</UL>
<P><STRONG><a name="[41]"></a>DMA2_Channel5_IRQHandler</STRONG> (Thumb, 30 bytes, Stack size 8 bytes, isr.o(.text.DMA2_Channel5_IRQHandler))
<BR><BR>[Stack]<UL><LI>Max Depth = 8<LI>Call Chain = DMA2_Channel5_IRQHandler
</UL>
<BR>[Calls]<UL><LI><a href="#[6c]">&gt;&gt;</a>&nbsp;&nbsp;&nbsp;DMA_GetFlagStatus
<LI><a href="#[6d]">&gt;&gt;</a>&nbsp;&nbsp;&nbsp;DMA_ClearFlag
</UL>
<BR>[Address Reference Count : 1]<UL><LI> startup_mm32f327x_keil.o(RESET)
</UL>
<P><STRONG><a name="[6d]"></a>DMA_ClearFlag</STRONG> (Thumb, 20 bytes, Stack size 0 bytes, hal_dma.o(.text.DMA_ClearFlag))
<BR><BR>[Called By]<UL><LI><a href="#[41]">&gt;&gt;</a>&nbsp;&nbsp;&nbsp;DMA2_Channel5_IRQHandler
<LI><a href="#[40]">&gt;&gt;</a>&nbsp;&nbsp;&nbsp;DMA2_Channel4_IRQHandler
<LI><a href="#[3f]">&gt;&gt;</a>&nbsp;&nbsp;&nbsp;DMA2_Channel3_IRQHandler
<LI><a href="#[3e]">&gt;&gt;</a>&nbsp;&nbsp;&nbsp;DMA2_Channel2_IRQHandler
<LI><a href="#[3d]">&gt;&gt;</a>&nbsp;&nbsp;&nbsp;DMA2_Channel1_IRQHandler
<LI><a href="#[1b]">&gt;&gt;</a>&nbsp;&nbsp;&nbsp;DMA1_Channel7_IRQHandler
<LI><a href="#[1a]">&gt;&gt;</a>&nbsp;&nbsp;&nbsp;DMA1_Channel6_IRQHandler
<LI><a href="#[19]">&gt;&gt;</a>&nbsp;&nbsp;&nbsp;DMA1_Channel5_IRQHandler
<LI><a href="#[18]">&gt;&gt;</a>&nbsp;&nbsp;&nbsp;DMA1_Channel4_IRQHandler
<LI><a href="#[17]">&gt;&gt;</a>&nbsp;&nbsp;&nbsp;DMA1_Channel3_IRQHandler
<LI><a href="#[16]">&gt;&gt;</a>&nbsp;&nbsp;&nbsp;DMA1_Channel2_IRQHandler
<LI><a href="#[15]">&gt;&gt;</a>&nbsp;&nbsp;&nbsp;DMA1_Channel1_IRQHandler
</UL>

<P><STRONG><a name="[a3]"></a>DMA_Cmd</STRONG> (Thumb, 12 bytes, Stack size 0 bytes, hal_dma.o(.text.DMA_Cmd))
<BR><BR>[Called By]<UL><LI><a href="#[9e]">&gt;&gt;</a>&nbsp;&nbsp;&nbsp;camera_dma_init
</UL>

<P><STRONG><a name="[a0]"></a>DMA_DeInit</STRONG> (Thumb, 98 bytes, Stack size 4 bytes, hal_dma.o(.text.DMA_DeInit))
<BR><BR>[Stack]<UL><LI>Max Depth = 4<LI>Call Chain = DMA_DeInit
</UL>
<BR>[Called By]<UL><LI><a href="#[9e]">&gt;&gt;</a>&nbsp;&nbsp;&nbsp;camera_dma_init
</UL>

<P><STRONG><a name="[6c]"></a>DMA_GetFlagStatus</STRONG> (Thumb, 26 bytes, Stack size 0 bytes, hal_dma.o(.text.DMA_GetFlagStatus))
<BR><BR>[Called By]<UL><LI><a href="#[41]">&gt;&gt;</a>&nbsp;&nbsp;&nbsp;DMA2_Channel5_IRQHandler
<LI><a href="#[40]">&gt;&gt;</a>&nbsp;&nbsp;&nbsp;DMA2_Channel4_IRQHandler
<LI><a href="#[3f]">&gt;&gt;</a>&nbsp;&nbsp;&nbsp;DMA2_Channel3_IRQHandler
<LI><a href="#[3e]">&gt;&gt;</a>&nbsp;&nbsp;&nbsp;DMA2_Channel2_IRQHandler
<LI><a href="#[3d]">&gt;&gt;</a>&nbsp;&nbsp;&nbsp;DMA2_Channel1_IRQHandler
<LI><a href="#[1b]">&gt;&gt;</a>&nbsp;&nbsp;&nbsp;DMA1_Channel7_IRQHandler
<LI><a href="#[1a]">&gt;&gt;</a>&nbsp;&nbsp;&nbsp;DMA1_Channel6_IRQHandler
<LI><a href="#[19]">&gt;&gt;</a>&nbsp;&nbsp;&nbsp;DMA1_Channel5_IRQHandler
<LI><a href="#[18]">&gt;&gt;</a>&nbsp;&nbsp;&nbsp;DMA1_Channel4_IRQHandler
<LI><a href="#[17]">&gt;&gt;</a>&nbsp;&nbsp;&nbsp;DMA1_Channel3_IRQHandler
<LI><a href="#[16]">&gt;&gt;</a>&nbsp;&nbsp;&nbsp;DMA1_Channel2_IRQHandler
<LI><a href="#[15]">&gt;&gt;</a>&nbsp;&nbsp;&nbsp;DMA1_Channel1_IRQHandler
</UL>

<P><STRONG><a name="[a2]"></a>DMA_ITConfig</STRONG> (Thumb, 16 bytes, Stack size 0 bytes, hal_dma.o(.text.DMA_ITConfig))
<BR><BR>[Called By]<UL><LI><a href="#[9e]">&gt;&gt;</a>&nbsp;&nbsp;&nbsp;camera_dma_init
</UL>

<P><STRONG><a name="[a1]"></a>DMA_Init</STRONG> (Thumb, 84 bytes, Stack size 16 bytes, hal_dma.o(.text.DMA_Init))
<BR><BR>[Stack]<UL><LI>Max Depth = 16<LI>Call Chain = DMA_Init
</UL>
<BR>[Called By]<UL><LI><a href="#[9e]">&gt;&gt;</a>&nbsp;&nbsp;&nbsp;camera_dma_init
</UL>

<P><STRONG><a name="[7]"></a>DebugMon_Handler</STRONG> (Thumb, 2 bytes, Stack size 0 bytes, common.o(.text.DebugMon_Handler))
<BR><BR>[Calls]<UL><LI><a href="#[7]">&gt;&gt;</a>&nbsp;&nbsp;&nbsp;DebugMon_Handler
</UL>
<BR>[Called By]<UL><LI><a href="#[7]">&gt;&gt;</a>&nbsp;&nbsp;&nbsp;DebugMon_Handler
</UL>
<BR>[Address Reference Count : 1]<UL><LI> startup_mm32f327x_keil.o(RESET)
</UL>
<P><STRONG><a name="[10]"></a>EXTI0_IRQHandler</STRONG> (Thumb, 6 bytes, Stack size 0 bytes, isr.o(.text.EXTI0_IRQHandler))
<BR><BR>[Calls]<UL><LI><a href="#[71]">&gt;&gt;</a>&nbsp;&nbsp;&nbsp;EXTI_ClearFlag
</UL>
<BR>[Address Reference Count : 1]<UL><LI> startup_mm32f327x_keil.o(RESET)
</UL>
<P><STRONG><a name="[2e]"></a>EXTI15_10_IRQHandler</STRONG> (Thumb, 118 bytes, Stack size 8 bytes, isr.o(.text.EXTI15_10_IRQHandler))
<BR><BR>[Stack]<UL><LI>Max Depth = 8<LI>Call Chain = EXTI15_10_IRQHandler
</UL>
<BR>[Calls]<UL><LI><a href="#[72]">&gt;&gt;</a>&nbsp;&nbsp;&nbsp;EXTI_GetITStatus
<LI><a href="#[71]">&gt;&gt;</a>&nbsp;&nbsp;&nbsp;EXTI_ClearFlag
</UL>
<BR>[Address Reference Count : 1]<UL><LI> startup_mm32f327x_keil.o(RESET)
</UL>
<P><STRONG><a name="[11]"></a>EXTI1_IRQHandler</STRONG> (Thumb, 6 bytes, Stack size 0 bytes, isr.o(.text.EXTI1_IRQHandler))
<BR><BR>[Calls]<UL><LI><a href="#[71]">&gt;&gt;</a>&nbsp;&nbsp;&nbsp;EXTI_ClearFlag
</UL>
<BR>[Address Reference Count : 1]<UL><LI> startup_mm32f327x_keil.o(RESET)
</UL>
<P><STRONG><a name="[12]"></a>EXTI2_IRQHandler</STRONG> (Thumb, 6 bytes, Stack size 0 bytes, isr.o(.text.EXTI2_IRQHandler))
<BR><BR>[Calls]<UL><LI><a href="#[71]">&gt;&gt;</a>&nbsp;&nbsp;&nbsp;EXTI_ClearFlag
</UL>
<BR>[Address Reference Count : 1]<UL><LI> startup_mm32f327x_keil.o(RESET)
</UL>
<P><STRONG><a name="[13]"></a>EXTI3_IRQHandler</STRONG> (Thumb, 6 bytes, Stack size 0 bytes, isr.o(.text.EXTI3_IRQHandler))
<BR><BR>[Calls]<UL><LI><a href="#[71]">&gt;&gt;</a>&nbsp;&nbsp;&nbsp;EXTI_ClearFlag
</UL>
<BR>[Address Reference Count : 1]<UL><LI> startup_mm32f327x_keil.o(RESET)
</UL>
<P><STRONG><a name="[14]"></a>EXTI4_IRQHandler</STRONG> (Thumb, 6 bytes, Stack size 0 bytes, isr.o(.text.EXTI4_IRQHandler))
<BR><BR>[Calls]<UL><LI><a href="#[71]">&gt;&gt;</a>&nbsp;&nbsp;&nbsp;EXTI_ClearFlag
</UL>
<BR>[Address Reference Count : 1]<UL><LI> startup_mm32f327x_keil.o(RESET)
</UL>
<P><STRONG><a name="[1f]"></a>EXTI9_5_IRQHandler</STRONG> (Thumb, 130 bytes, Stack size 8 bytes, isr.o(.text.EXTI9_5_IRQHandler))
<BR><BR>[Stack]<UL><LI>Max Depth = 8<LI>Call Chain = EXTI9_5_IRQHandler
</UL>
<BR>[Calls]<UL><LI><a href="#[73]">&gt;&gt;</a>&nbsp;&nbsp;&nbsp;ov7725_vsync
<LI><a href="#[75]">&gt;&gt;</a>&nbsp;&nbsp;&nbsp;ov7725_uart_vsync
<LI><a href="#[74]">&gt;&gt;</a>&nbsp;&nbsp;&nbsp;mt9v03x_vsync
<LI><a href="#[72]">&gt;&gt;</a>&nbsp;&nbsp;&nbsp;EXTI_GetITStatus
<LI><a href="#[71]">&gt;&gt;</a>&nbsp;&nbsp;&nbsp;EXTI_ClearFlag
</UL>
<BR>[Address Reference Count : 1]<UL><LI> startup_mm32f327x_keil.o(RESET)
</UL>
<P><STRONG><a name="[71]"></a>EXTI_ClearFlag</STRONG> (Thumb, 12 bytes, Stack size 0 bytes, hal_exti.o(.text.EXTI_ClearFlag))
<BR><BR>[Called By]<UL><LI><a href="#[1f]">&gt;&gt;</a>&nbsp;&nbsp;&nbsp;EXTI9_5_IRQHandler
<LI><a href="#[14]">&gt;&gt;</a>&nbsp;&nbsp;&nbsp;EXTI4_IRQHandler
<LI><a href="#[13]">&gt;&gt;</a>&nbsp;&nbsp;&nbsp;EXTI3_IRQHandler
<LI><a href="#[12]">&gt;&gt;</a>&nbsp;&nbsp;&nbsp;EXTI2_IRQHandler
<LI><a href="#[11]">&gt;&gt;</a>&nbsp;&nbsp;&nbsp;EXTI1_IRQHandler
<LI><a href="#[2e]">&gt;&gt;</a>&nbsp;&nbsp;&nbsp;EXTI15_10_IRQHandler
<LI><a href="#[10]">&gt;&gt;</a>&nbsp;&nbsp;&nbsp;EXTI0_IRQHandler
</UL>

<P><STRONG><a name="[72]"></a>EXTI_GetITStatus</STRONG> (Thumb, 28 bytes, Stack size 0 bytes, hal_exti.o(.text.EXTI_GetITStatus))
<BR><BR>[Called By]<UL><LI><a href="#[1f]">&gt;&gt;</a>&nbsp;&nbsp;&nbsp;EXTI9_5_IRQHandler
<LI><a href="#[2e]">&gt;&gt;</a>&nbsp;&nbsp;&nbsp;EXTI15_10_IRQHandler
</UL>

<P><STRONG><a name="[b4]"></a>EXTI_Init</STRONG> (Thumb, 128 bytes, Stack size 0 bytes, hal_exti.o(.text.EXTI_Init))
<BR><BR>[Called By]<UL><LI><a href="#[b1]">&gt;&gt;</a>&nbsp;&nbsp;&nbsp;exti_interrupt_init
</UL>

<P><STRONG><a name="[b2]"></a>EXTI_LineConfig</STRONG> (Thumb, 46 bytes, Stack size 8 bytes, hal_exti.o(.text.EXTI_LineConfig))
<BR><BR>[Stack]<UL><LI>Max Depth = 8<LI>Call Chain = EXTI_LineConfig
</UL>
<BR>[Called By]<UL><LI><a href="#[b1]">&gt;&gt;</a>&nbsp;&nbsp;&nbsp;exti_interrupt_init
</UL>

<P><STRONG><a name="[b3]"></a>EXTI_StructInit</STRONG> (Thumb, 14 bytes, Stack size 0 bytes, hal_exti.o(.text.EXTI_StructInit))
<BR><BR>[Called By]<UL><LI><a href="#[b1]">&gt;&gt;</a>&nbsp;&nbsp;&nbsp;exti_interrupt_init
</UL>

<P><STRONG><a name="[76]"></a>Fhan_ADRC</STRONG> (Thumb, 890 bytes, Stack size 40 bytes, adrc.o(.text.Fhan_ADRC))
<BR><BR>[Stack]<UL><LI>Max Depth = 76<LI>Call Chain = Fhan_ADRC &rArr; my_sqrt &rArr; __aeabi_fsub &rArr; __aeabi_fadd &rArr; _float_epilogue
</UL>
<BR>[Calls]<UL><LI><a href="#[77]">&gt;&gt;</a>&nbsp;&nbsp;&nbsp;my_sqrt
<LI><a href="#[79]">&gt;&gt;</a>&nbsp;&nbsp;&nbsp;__aeabi_fcmpeq
<LI><a href="#[61]">&gt;&gt;</a>&nbsp;&nbsp;&nbsp;__aeabi_ui2f
<LI><a href="#[78]">&gt;&gt;</a>&nbsp;&nbsp;&nbsp;__aeabi_fcmplt
<LI><a href="#[6a]">&gt;&gt;</a>&nbsp;&nbsp;&nbsp;__aeabi_fcmpgt
<LI><a href="#[54]">&gt;&gt;</a>&nbsp;&nbsp;&nbsp;__aeabi_fsub
<LI><a href="#[51]">&gt;&gt;</a>&nbsp;&nbsp;&nbsp;__aeabi_fadd
<LI><a href="#[60]">&gt;&gt;</a>&nbsp;&nbsp;&nbsp;__aeabi_i2f
<LI><a href="#[69]">&gt;&gt;</a>&nbsp;&nbsp;&nbsp;__aeabi_fmul
<LI><a href="#[56]">&gt;&gt;</a>&nbsp;&nbsp;&nbsp;__aeabi_fdiv
</UL>
<BR>[Called By]<UL><LI><a href="#[21]">&gt;&gt;</a>&nbsp;&nbsp;&nbsp;TIM1_UP_IRQHandler
<LI><a href="#[96]">&gt;&gt;</a>&nbsp;&nbsp;&nbsp;Speed_PID
<LI><a href="#[92]">&gt;&gt;</a>&nbsp;&nbsp;&nbsp;Speed_Measure
</UL>

<P><STRONG><a name="[7a]"></a>Get_Attitude</STRONG> (Thumb, 104 bytes, Stack size 8 bytes, motor.o(.text.Get_Attitude))
<BR><BR>[Stack]<UL><LI>Max Depth = 160<LI>Call Chain = Get_Attitude &rArr; acos &rArr; __kernel_poly &rArr; __aeabi_dmul &rArr; _double_epilogue &rArr; _double_round
</UL>
<BR>[Calls]<UL><LI><a href="#[7b]">&gt;&gt;</a>&nbsp;&nbsp;&nbsp;get_icm20602_accdata_spi
<LI><a href="#[5e]">&gt;&gt;</a>&nbsp;&nbsp;&nbsp;__aeabi_dmul
<LI><a href="#[62]">&gt;&gt;</a>&nbsp;&nbsp;&nbsp;__aeabi_i2d
<LI><a href="#[5f]">&gt;&gt;</a>&nbsp;&nbsp;&nbsp;__aeabi_ddiv
<LI><a href="#[57]">&gt;&gt;</a>&nbsp;&nbsp;&nbsp;__aeabi_dadd
<LI><a href="#[63]">&gt;&gt;</a>&nbsp;&nbsp;&nbsp;__aeabi_d2iz
<LI><a href="#[7c]">&gt;&gt;</a>&nbsp;&nbsp;&nbsp;acos
</UL>
<BR>[Called By]<UL><LI><a href="#[21]">&gt;&gt;</a>&nbsp;&nbsp;&nbsp;TIM1_UP_IRQHandler
</UL>

<P><STRONG><a name="[7d]"></a>Get_Gyro</STRONG> (Thumb, 34 bytes, Stack size 8 bytes, motor.o(.text.Get_Gyro))
<BR><BR>[Stack]<UL><LI>Max Depth = 32<LI>Call Chain = Get_Gyro &rArr; get_icm20602_gyro_spi &rArr; spi_mosi
</UL>
<BR>[Calls]<UL><LI><a href="#[7e]">&gt;&gt;</a>&nbsp;&nbsp;&nbsp;get_icm20602_gyro_spi
<LI><a href="#[60]">&gt;&gt;</a>&nbsp;&nbsp;&nbsp;__aeabi_i2f
</UL>
<BR>[Called By]<UL><LI><a href="#[21]">&gt;&gt;</a>&nbsp;&nbsp;&nbsp;TIM1_UP_IRQHandler
</UL>

<P><STRONG><a name="[7f]"></a>Get_Roi</STRONG> (Thumb, 1548 bytes, Stack size 96 bytes, dfs.o(.text.Get_Roi))
<BR><BR>[Stack]<UL><LI>Max Depth = 152<LI>Call Chain = Get_Roi &rArr; __aeabi_i2d &rArr; _double_epilogue &rArr; _double_round
</UL>
<BR>[Calls]<UL><LI><a href="#[62]">&gt;&gt;</a>&nbsp;&nbsp;&nbsp;__aeabi_i2d
</UL>
<BR>[Called By]<UL><LI><a href="#[48]">&gt;&gt;</a>&nbsp;&nbsp;&nbsp;main
</UL>

<P><STRONG><a name="[80]"></a>Gyro_PID</STRONG> (Thumb, 240 bytes, Stack size 32 bytes, pid.o(.text.Gyro_PID))
<BR><BR>[Stack]<UL><LI>Max Depth = 120<LI>Call Chain = Gyro_PID &rArr; __aeabi_dmul &rArr; _double_epilogue &rArr; _double_round
</UL>
<BR>[Calls]<UL><LI><a href="#[78]">&gt;&gt;</a>&nbsp;&nbsp;&nbsp;__aeabi_fcmplt
<LI><a href="#[6a]">&gt;&gt;</a>&nbsp;&nbsp;&nbsp;__aeabi_fcmpgt
<LI><a href="#[6b]">&gt;&gt;</a>&nbsp;&nbsp;&nbsp;__aeabi_fcmpge
<LI><a href="#[54]">&gt;&gt;</a>&nbsp;&nbsp;&nbsp;__aeabi_fsub
<LI><a href="#[5e]">&gt;&gt;</a>&nbsp;&nbsp;&nbsp;__aeabi_dmul
<LI><a href="#[51]">&gt;&gt;</a>&nbsp;&nbsp;&nbsp;__aeabi_fadd
<LI><a href="#[69]">&gt;&gt;</a>&nbsp;&nbsp;&nbsp;__aeabi_fmul
<LI><a href="#[56]">&gt;&gt;</a>&nbsp;&nbsp;&nbsp;__aeabi_fdiv
<LI><a href="#[81]">&gt;&gt;</a>&nbsp;&nbsp;&nbsp;__aeabi_f2d
<LI><a href="#[57]">&gt;&gt;</a>&nbsp;&nbsp;&nbsp;__aeabi_dadd
<LI><a href="#[65]">&gt;&gt;</a>&nbsp;&nbsp;&nbsp;__aeabi_d2f
</UL>
<BR>[Called By]<UL><LI><a href="#[21]">&gt;&gt;</a>&nbsp;&nbsp;&nbsp;TIM1_UP_IRQHandler
</UL>

<P><STRONG><a name="[2]"></a>HardFault_Handler</STRONG> (Thumb, 2 bytes, Stack size 0 bytes, common.o(.text.HardFault_Handler))
<BR><BR>[Calls]<UL><LI><a href="#[2]">&gt;&gt;</a>&nbsp;&nbsp;&nbsp;HardFault_Handler
</UL>
<BR>[Called By]<UL><LI><a href="#[2]">&gt;&gt;</a>&nbsp;&nbsp;&nbsp;HardFault_Handler
</UL>
<BR>[Address Reference Count : 1]<UL><LI> startup_mm32f327x_keil.o(RESET)
</UL>
<P><STRONG><a name="[82]"></a>In_Turn</STRONG> (Thumb, 130 bytes, Stack size 24 bytes, pid.o(.text.In_Turn))
<BR><BR>[Stack]<UL><LI>Max Depth = 44<LI>Call Chain = In_Turn &rArr; __aeabi_fsub &rArr; __aeabi_fadd &rArr; _float_epilogue
</UL>
<BR>[Calls]<UL><LI><a href="#[6a]">&gt;&gt;</a>&nbsp;&nbsp;&nbsp;__aeabi_fcmpgt
<LI><a href="#[6b]">&gt;&gt;</a>&nbsp;&nbsp;&nbsp;__aeabi_fcmpge
<LI><a href="#[54]">&gt;&gt;</a>&nbsp;&nbsp;&nbsp;__aeabi_fsub
<LI><a href="#[51]">&gt;&gt;</a>&nbsp;&nbsp;&nbsp;__aeabi_fadd
<LI><a href="#[60]">&gt;&gt;</a>&nbsp;&nbsp;&nbsp;__aeabi_i2f
<LI><a href="#[69]">&gt;&gt;</a>&nbsp;&nbsp;&nbsp;__aeabi_fmul
</UL>
<BR>[Called By]<UL><LI><a href="#[21]">&gt;&gt;</a>&nbsp;&nbsp;&nbsp;TIM1_UP_IRQHandler
</UL>

<P><STRONG><a name="[83]"></a>KalmanFilter</STRONG> (Thumb, 610 bytes, Stack size 72 bytes, karman.o(.text.KalmanFilter))
<BR><BR>[Stack]<UL><LI>Max Depth = 160<LI>Call Chain = KalmanFilter &rArr; __aeabi_dsub &rArr; __aeabi_dadd &rArr; _double_epilogue &rArr; _double_round
</UL>
<BR>[Calls]<UL><LI><a href="#[5c]">&gt;&gt;</a>&nbsp;&nbsp;&nbsp;__aeabi_dsub
<LI><a href="#[54]">&gt;&gt;</a>&nbsp;&nbsp;&nbsp;__aeabi_fsub
<LI><a href="#[5e]">&gt;&gt;</a>&nbsp;&nbsp;&nbsp;__aeabi_dmul
<LI><a href="#[51]">&gt;&gt;</a>&nbsp;&nbsp;&nbsp;__aeabi_fadd
<LI><a href="#[69]">&gt;&gt;</a>&nbsp;&nbsp;&nbsp;__aeabi_fmul
<LI><a href="#[56]">&gt;&gt;</a>&nbsp;&nbsp;&nbsp;__aeabi_fdiv
<LI><a href="#[81]">&gt;&gt;</a>&nbsp;&nbsp;&nbsp;__aeabi_f2d
<LI><a href="#[57]">&gt;&gt;</a>&nbsp;&nbsp;&nbsp;__aeabi_dadd
<LI><a href="#[65]">&gt;&gt;</a>&nbsp;&nbsp;&nbsp;__aeabi_d2f
</UL>
<BR>[Called By]<UL><LI><a href="#[21]">&gt;&gt;</a>&nbsp;&nbsp;&nbsp;TIM1_UP_IRQHandler
</UL>

<P><STRONG><a name="[3]"></a>MemManage_Handler</STRONG> (Thumb, 2 bytes, Stack size 0 bytes, common.o(.text.MemManage_Handler))
<BR><BR>[Calls]<UL><LI><a href="#[3]">&gt;&gt;</a>&nbsp;&nbsp;&nbsp;MemManage_Handler
</UL>
<BR>[Called By]<UL><LI><a href="#[3]">&gt;&gt;</a>&nbsp;&nbsp;&nbsp;MemManage_Handler
</UL>
<BR>[Address Reference Count : 1]<UL><LI> startup_mm32f327x_keil.o(RESET)
</UL>
<P><STRONG><a name="[84]"></a>My_Init</STRONG> (Thumb, 220 bytes, Stack size 8 bytes, motor.o(.text.My_Init))
<BR><BR>[Stack]<UL><LI>Max Depth = 136<LI>Call Chain = My_Init &rArr; ips114_showint16 &rArr; ips114_showchar &rArr; ips114_set_region &rArr; spi_mosi
</UL>
<BR>[Calls]<UL><LI><a href="#[8f]">&gt;&gt;</a>&nbsp;&nbsp;&nbsp;uart_init
<LI><a href="#[91]">&gt;&gt;</a>&nbsp;&nbsp;&nbsp;tim_interrupt_init_ms
<LI><a href="#[8c]">&gt;&gt;</a>&nbsp;&nbsp;&nbsp;tim_encoder_init
<LI><a href="#[8b]">&gt;&gt;</a>&nbsp;&nbsp;&nbsp;pwm_init
<LI><a href="#[8a]">&gt;&gt;</a>&nbsp;&nbsp;&nbsp;mt9v03x_init
<LI><a href="#[8d]">&gt;&gt;</a>&nbsp;&nbsp;&nbsp;key_Init
<LI><a href="#[88]">&gt;&gt;</a>&nbsp;&nbsp;&nbsp;ips114_init
<LI><a href="#[90]">&gt;&gt;</a>&nbsp;&nbsp;&nbsp;ips114_clear
<LI><a href="#[87]">&gt;&gt;</a>&nbsp;&nbsp;&nbsp;icm20602_init_spi
<LI><a href="#[86]">&gt;&gt;</a>&nbsp;&nbsp;&nbsp;gpio_init
<LI><a href="#[85]">&gt;&gt;</a>&nbsp;&nbsp;&nbsp;board_init
<LI><a href="#[8e]">&gt;&gt;</a>&nbsp;&nbsp;&nbsp;ADRC_Init
<LI><a href="#[89]">&gt;&gt;</a>&nbsp;&nbsp;&nbsp;ips114_showint16
</UL>
<BR>[Called By]<UL><LI><a href="#[48]">&gt;&gt;</a>&nbsp;&nbsp;&nbsp;main
</UL>

<P><STRONG><a name="[1]"></a>NMI_Handler</STRONG> (Thumb, 2 bytes, Stack size 0 bytes, common.o(.text.NMI_Handler))
<BR><BR>[Calls]<UL><LI><a href="#[1]">&gt;&gt;</a>&nbsp;&nbsp;&nbsp;NMI_Handler
</UL>
<BR>[Called By]<UL><LI><a href="#[1]">&gt;&gt;</a>&nbsp;&nbsp;&nbsp;NMI_Handler
</UL>
<BR>[Address Reference Count : 1]<UL><LI> startup_mm32f327x_keil.o(RESET)
</UL>
<P><STRONG><a name="[ce]"></a>NVIC_Init</STRONG> (Thumb, 96 bytes, Stack size 8 bytes, hal_misc.o(.text.NVIC_Init))
<BR><BR>[Stack]<UL><LI>Max Depth = 8<LI>Call Chain = NVIC_Init
</UL>
<BR>[Called By]<UL><LI><a href="#[b5]">&gt;&gt;</a>&nbsp;&nbsp;&nbsp;nvic_init
</UL>

<P><STRONG><a name="[8]"></a>PendSV_Handler</STRONG> (Thumb, 2 bytes, Stack size 0 bytes, common.o(.text.PendSV_Handler))
<BR><BR>[Calls]<UL><LI><a href="#[8]">&gt;&gt;</a>&nbsp;&nbsp;&nbsp;PendSV_Handler
</UL>
<BR>[Called By]<UL><LI><a href="#[8]">&gt;&gt;</a>&nbsp;&nbsp;&nbsp;PendSV_Handler
</UL>
<BR>[Address Reference Count : 1]<UL><LI> startup_mm32f327x_keil.o(RESET)
</UL>
<P><STRONG><a name="[9f]"></a>RCC_AHBPeriphClockCmd</STRONG> (Thumb, 24 bytes, Stack size 0 bytes, hal_rcc.o(.text.RCC_AHBPeriphClockCmd))
<BR><BR>[Called By]<UL><LI><a href="#[9e]">&gt;&gt;</a>&nbsp;&nbsp;&nbsp;camera_dma_init
<LI><a href="#[cb]">&gt;&gt;</a>&nbsp;&nbsp;&nbsp;mt9v03x_dma_init
</UL>

<P><STRONG><a name="[a6]"></a>RCC_APB1PeriphClockCmd</STRONG> (Thumb, 24 bytes, Stack size 0 bytes, hal_rcc.o(.text.RCC_APB1PeriphClockCmd))
<BR><BR>[Called By]<UL><LI><a href="#[a4]">&gt;&gt;</a>&nbsp;&nbsp;&nbsp;camera_tim_etr_init
</UL>

<P><STRONG><a name="[a5]"></a>RCC_APB2PeriphClockCmd</STRONG> (Thumb, 24 bytes, Stack size 0 bytes, hal_rcc.o(.text.RCC_APB2PeriphClockCmd))
<BR><BR>[Called By]<UL><LI><a href="#[a4]">&gt;&gt;</a>&nbsp;&nbsp;&nbsp;camera_tim_etr_init
</UL>

<P><STRONG><a name="[6]"></a>SVC_Handler</STRONG> (Thumb, 2 bytes, Stack size 0 bytes, common.o(.text.SVC_Handler))
<BR><BR>[Calls]<UL><LI><a href="#[6]">&gt;&gt;</a>&nbsp;&nbsp;&nbsp;SVC_Handler
</UL>
<BR>[Called By]<UL><LI><a href="#[6]">&gt;&gt;</a>&nbsp;&nbsp;&nbsp;SVC_Handler
</UL>
<BR>[Address Reference Count : 1]<UL><LI> startup_mm32f327x_keil.o(RESET)
</UL>
<P><STRONG><a name="[92]"></a>Speed_Measure</STRONG> (Thumb, 248 bytes, Stack size 24 bytes, pid.o(.text.Speed_Measure))
<BR><BR>[Stack]<UL><LI>Max Depth = 112<LI>Call Chain = Speed_Measure &rArr; __aeabi_dmul &rArr; _double_epilogue &rArr; _double_round
</UL>
<BR>[Calls]<UL><LI><a href="#[94]">&gt;&gt;</a>&nbsp;&nbsp;&nbsp;tim_encoder_rst
<LI><a href="#[95]">&gt;&gt;</a>&nbsp;&nbsp;&nbsp;__aeabi_fcmple
<LI><a href="#[6a]">&gt;&gt;</a>&nbsp;&nbsp;&nbsp;__aeabi_fcmpgt
<LI><a href="#[93]">&gt;&gt;</a>&nbsp;&nbsp;&nbsp;tim_counter_get_count
<LI><a href="#[5e]">&gt;&gt;</a>&nbsp;&nbsp;&nbsp;__aeabi_dmul
<LI><a href="#[51]">&gt;&gt;</a>&nbsp;&nbsp;&nbsp;__aeabi_fadd
<LI><a href="#[60]">&gt;&gt;</a>&nbsp;&nbsp;&nbsp;__aeabi_i2f
<LI><a href="#[69]">&gt;&gt;</a>&nbsp;&nbsp;&nbsp;__aeabi_fmul
<LI><a href="#[56]">&gt;&gt;</a>&nbsp;&nbsp;&nbsp;__aeabi_fdiv
<LI><a href="#[81]">&gt;&gt;</a>&nbsp;&nbsp;&nbsp;__aeabi_f2d
<LI><a href="#[57]">&gt;&gt;</a>&nbsp;&nbsp;&nbsp;__aeabi_dadd
<LI><a href="#[65]">&gt;&gt;</a>&nbsp;&nbsp;&nbsp;__aeabi_d2f
<LI><a href="#[76]">&gt;&gt;</a>&nbsp;&nbsp;&nbsp;Fhan_ADRC
</UL>
<BR>[Called By]<UL><LI><a href="#[21]">&gt;&gt;</a>&nbsp;&nbsp;&nbsp;TIM1_UP_IRQHandler
</UL>

<P><STRONG><a name="[96]"></a>Speed_PID</STRONG> (Thumb, 352 bytes, Stack size 32 bytes, pid.o(.text.Speed_PID))
<BR><BR>[Stack]<UL><LI>Max Depth = 120<LI>Call Chain = Speed_PID &rArr; __aeabi_dmul &rArr; _double_epilogue &rArr; _double_round
</UL>
<BR>[Calls]<UL><LI><a href="#[95]">&gt;&gt;</a>&nbsp;&nbsp;&nbsp;__aeabi_fcmple
<LI><a href="#[6a]">&gt;&gt;</a>&nbsp;&nbsp;&nbsp;__aeabi_fcmpgt
<LI><a href="#[6b]">&gt;&gt;</a>&nbsp;&nbsp;&nbsp;__aeabi_fcmpge
<LI><a href="#[54]">&gt;&gt;</a>&nbsp;&nbsp;&nbsp;__aeabi_fsub
<LI><a href="#[5e]">&gt;&gt;</a>&nbsp;&nbsp;&nbsp;__aeabi_dmul
<LI><a href="#[51]">&gt;&gt;</a>&nbsp;&nbsp;&nbsp;__aeabi_fadd
<LI><a href="#[69]">&gt;&gt;</a>&nbsp;&nbsp;&nbsp;__aeabi_fmul
<LI><a href="#[56]">&gt;&gt;</a>&nbsp;&nbsp;&nbsp;__aeabi_fdiv
<LI><a href="#[81]">&gt;&gt;</a>&nbsp;&nbsp;&nbsp;__aeabi_f2d
<LI><a href="#[57]">&gt;&gt;</a>&nbsp;&nbsp;&nbsp;__aeabi_dadd
<LI><a href="#[65]">&gt;&gt;</a>&nbsp;&nbsp;&nbsp;__aeabi_d2f
<LI><a href="#[76]">&gt;&gt;</a>&nbsp;&nbsp;&nbsp;Fhan_ADRC
</UL>
<BR>[Called By]<UL><LI><a href="#[21]">&gt;&gt;</a>&nbsp;&nbsp;&nbsp;TIM1_UP_IRQHandler
</UL>

<P><STRONG><a name="[49]"></a>SystemInit</STRONG> (Thumb, 1344 bytes, Stack size 52 bytes, system_mm32f327x.o(.text.SystemInit))
<BR><BR>[Stack]<UL><LI>Max Depth = 52<LI>Call Chain = SystemInit
</UL>
<BR>[Address Reference Count : 1]<UL><LI> startup_mm32f327x_keil.o(.text)
</UL>
<P><STRONG><a name="[21]"></a>TIM1_UP_IRQHandler</STRONG> (Thumb, 344 bytes, Stack size 24 bytes, isr.o(.text.TIM1_UP_IRQHandler))
<BR><BR>[Stack]<UL><LI>Max Depth = 184<LI>Call Chain = TIM1_UP_IRQHandler &rArr; KalmanFilter &rArr; __aeabi_dsub &rArr; __aeabi_dadd &rArr; _double_epilogue &rArr; _double_round
</UL>
<BR>[Calls]<UL><LI><a href="#[98]">&gt;&gt;</a>&nbsp;&nbsp;&nbsp;pwn_out
<LI><a href="#[99]">&gt;&gt;</a>&nbsp;&nbsp;&nbsp;out_Turn
<LI><a href="#[60]">&gt;&gt;</a>&nbsp;&nbsp;&nbsp;__aeabi_i2f
<LI><a href="#[69]">&gt;&gt;</a>&nbsp;&nbsp;&nbsp;__aeabi_fmul
<LI><a href="#[56]">&gt;&gt;</a>&nbsp;&nbsp;&nbsp;__aeabi_fdiv
<LI><a href="#[97]">&gt;&gt;</a>&nbsp;&nbsp;&nbsp;__aeabi_f2iz
<LI><a href="#[81]">&gt;&gt;</a>&nbsp;&nbsp;&nbsp;__aeabi_f2d
<LI><a href="#[57]">&gt;&gt;</a>&nbsp;&nbsp;&nbsp;__aeabi_dadd
<LI><a href="#[63]">&gt;&gt;</a>&nbsp;&nbsp;&nbsp;__aeabi_d2iz
<LI><a href="#[65]">&gt;&gt;</a>&nbsp;&nbsp;&nbsp;__aeabi_d2f
<LI><a href="#[96]">&gt;&gt;</a>&nbsp;&nbsp;&nbsp;Speed_PID
<LI><a href="#[92]">&gt;&gt;</a>&nbsp;&nbsp;&nbsp;Speed_Measure
<LI><a href="#[83]">&gt;&gt;</a>&nbsp;&nbsp;&nbsp;KalmanFilter
<LI><a href="#[82]">&gt;&gt;</a>&nbsp;&nbsp;&nbsp;In_Turn
<LI><a href="#[80]">&gt;&gt;</a>&nbsp;&nbsp;&nbsp;Gyro_PID
<LI><a href="#[7d]">&gt;&gt;</a>&nbsp;&nbsp;&nbsp;Get_Gyro
<LI><a href="#[7a]">&gt;&gt;</a>&nbsp;&nbsp;&nbsp;Get_Attitude
<LI><a href="#[76]">&gt;&gt;</a>&nbsp;&nbsp;&nbsp;Fhan_ADRC
<LI><a href="#[68]">&gt;&gt;</a>&nbsp;&nbsp;&nbsp;Angle_PID
</UL>
<BR>[Address Reference Count : 1]<UL><LI> startup_mm32f327x_keil.o(RESET)
</UL>
<P><STRONG><a name="[24]"></a>TIM2_IRQHandler</STRONG> (Thumb, 18 bytes, Stack size 0 bytes, isr.o(.text.TIM2_IRQHandler))
<BR>[Address Reference Count : 1]<UL><LI> startup_mm32f327x_keil.o(RESET)
</UL>
<P><STRONG><a name="[25]"></a>TIM3_IRQHandler</STRONG> (Thumb, 20 bytes, Stack size 0 bytes, isr.o(.text.TIM3_IRQHandler))
<BR>[Address Reference Count : 1]<UL><LI> startup_mm32f327x_keil.o(RESET)
</UL>
<P><STRONG><a name="[37]"></a>TIM5_IRQHandler</STRONG> (Thumb, 20 bytes, Stack size 0 bytes, isr.o(.text.TIM5_IRQHandler))
<BR>[Address Reference Count : 1]<UL><LI> startup_mm32f327x_keil.o(RESET)
</UL>
<P><STRONG><a name="[3b]"></a>TIM6_IRQHandler</STRONG> (Thumb, 20 bytes, Stack size 0 bytes, isr.o(.text.TIM6_IRQHandler))
<BR>[Address Reference Count : 1]<UL><LI> startup_mm32f327x_keil.o(RESET)
</UL>
<P><STRONG><a name="[3c]"></a>TIM7_IRQHandler</STRONG> (Thumb, 20 bytes, Stack size 0 bytes, isr.o(.text.TIM7_IRQHandler))
<BR>[Address Reference Count : 1]<UL><LI> startup_mm32f327x_keil.o(RESET)
</UL>
<P><STRONG><a name="[32]"></a>TIM8_UP_IRQHandler</STRONG> (Thumb, 20 bytes, Stack size 0 bytes, isr.o(.text.TIM8_UP_IRQHandler))
<BR>[Address Reference Count : 1]<UL><LI> startup_mm32f327x_keil.o(RESET)
</UL>
<P><STRONG><a name="[ad]"></a>TIM_Cmd</STRONG> (Thumb, 16 bytes, Stack size 0 bytes, hal_tim.o(.text.TIM_Cmd))
<BR><BR>[Called By]<UL><LI><a href="#[a4]">&gt;&gt;</a>&nbsp;&nbsp;&nbsp;camera_tim_etr_init
</UL>

<P><STRONG><a name="[ae]"></a>TIM_DMACmd</STRONG> (Thumb, 16 bytes, Stack size 0 bytes, hal_tim.o(.text.TIM_DMACmd))
<BR><BR>[Called By]<UL><LI><a href="#[a4]">&gt;&gt;</a>&nbsp;&nbsp;&nbsp;camera_tim_etr_init
</UL>

<P><STRONG><a name="[a9]"></a>TIM_ETRClockMode1Config</STRONG> (Thumb, 58 bytes, Stack size 0 bytes, hal_tim.o(.text.TIM_ETRClockMode1Config))
<BR><BR>[Called By]<UL><LI><a href="#[a4]">&gt;&gt;</a>&nbsp;&nbsp;&nbsp;camera_tim_etr_init
</UL>

<P><STRONG><a name="[aa]"></a>TIM_SelectInputTrigger</STRONG> (Thumb, 12 bytes, Stack size 0 bytes, hal_tim.o(.text.TIM_SelectInputTrigger))
<BR><BR>[Called By]<UL><LI><a href="#[a4]">&gt;&gt;</a>&nbsp;&nbsp;&nbsp;camera_tim_etr_init
</UL>

<P><STRONG><a name="[ac]"></a>TIM_SelectMasterSlaveMode</STRONG> (Thumb, 12 bytes, Stack size 0 bytes, hal_tim.o(.text.TIM_SelectMasterSlaveMode))
<BR><BR>[Called By]<UL><LI><a href="#[a4]">&gt;&gt;</a>&nbsp;&nbsp;&nbsp;camera_tim_etr_init
</UL>

<P><STRONG><a name="[ab]"></a>TIM_SelectSlaveMode</STRONG> (Thumb, 12 bytes, Stack size 0 bytes, hal_tim.o(.text.TIM_SelectSlaveMode))
<BR><BR>[Called By]<UL><LI><a href="#[a4]">&gt;&gt;</a>&nbsp;&nbsp;&nbsp;camera_tim_etr_init
</UL>

<P><STRONG><a name="[a8]"></a>TIM_TimeBaseInit</STRONG> (Thumb, 146 bytes, Stack size 0 bytes, hal_tim.o(.text.TIM_TimeBaseInit))
<BR><BR>[Called By]<UL><LI><a href="#[a4]">&gt;&gt;</a>&nbsp;&nbsp;&nbsp;camera_tim_etr_init
</UL>

<P><STRONG><a name="[2b]"></a>UART1_IRQHandler</STRONG> (Thumb, 158 bytes, Stack size 16 bytes, isr.o(.text.UART1_IRQHandler))
<BR><BR>[Stack]<UL><LI>Max Depth = 40<LI>Call Chain = UART1_IRQHandler &rArr; __2printf
</UL>
<BR>[Calls]<UL><LI><a href="#[9a]">&gt;&gt;</a>&nbsp;&nbsp;&nbsp;uart_query
<LI><a href="#[9b]">&gt;&gt;</a>&nbsp;&nbsp;&nbsp;__2printf
</UL>
<BR>[Address Reference Count : 1]<UL><LI> startup_mm32f327x_keil.o(RESET)
</UL>
<P><STRONG><a name="[2c]"></a>UART2_IRQHandler</STRONG> (Thumb, 44 bytes, Stack size 0 bytes, isr.o(.text.UART2_IRQHandler))
<BR>[Address Reference Count : 1]<UL><LI> startup_mm32f327x_keil.o(RESET)
</UL>
<P><STRONG><a name="[2d]"></a>UART3_IRQHandler</STRONG> (Thumb, 44 bytes, Stack size 0 bytes, isr.o(.text.UART3_IRQHandler))
<BR>[Address Reference Count : 1]<UL><LI> startup_mm32f327x_keil.o(RESET)
</UL>
<P><STRONG><a name="[39]"></a>UART4_IRQHandler</STRONG> (Thumb, 44 bytes, Stack size 0 bytes, isr.o(.text.UART4_IRQHandler))
<BR>[Address Reference Count : 1]<UL><LI> startup_mm32f327x_keil.o(RESET)
</UL>
<P><STRONG><a name="[3a]"></a>UART5_IRQHandler</STRONG> (Thumb, 44 bytes, Stack size 0 bytes, isr.o(.text.UART5_IRQHandler))
<BR>[Address Reference Count : 1]<UL><LI> startup_mm32f327x_keil.o(RESET)
</UL>
<P><STRONG><a name="[45]"></a>UART6_IRQHandler</STRONG> (Thumb, 44 bytes, Stack size 0 bytes, isr.o(.text.UART6_IRQHandler))
<BR>[Address Reference Count : 1]<UL><LI> startup_mm32f327x_keil.o(RESET)
</UL>
<P><STRONG><a name="[46]"></a>UART7_IRQHandler</STRONG> (Thumb, 44 bytes, Stack size 0 bytes, isr.o(.text.UART7_IRQHandler))
<BR>[Address Reference Count : 1]<UL><LI> startup_mm32f327x_keil.o(RESET)
</UL>
<P><STRONG><a name="[47]"></a>UART8_IRQHandler</STRONG> (Thumb, 72 bytes, Stack size 0 bytes, isr.o(.text.UART8_IRQHandler))
<BR><BR>[Calls]<UL><LI><a href="#[9c]">&gt;&gt;</a>&nbsp;&nbsp;&nbsp;ov7725_cof_uart_interrupt
<LI><a href="#[9d]">&gt;&gt;</a>&nbsp;&nbsp;&nbsp;mt9v03x_uart_callback
</UL>
<BR>[Address Reference Count : 1]<UL><LI> startup_mm32f327x_keil.o(RESET)
</UL>
<P><STRONG><a name="[5]"></a>UsageFault_Handler</STRONG> (Thumb, 2 bytes, Stack size 0 bytes, common.o(.text.UsageFault_Handler))
<BR><BR>[Calls]<UL><LI><a href="#[5]">&gt;&gt;</a>&nbsp;&nbsp;&nbsp;UsageFault_Handler
</UL>
<BR>[Called By]<UL><LI><a href="#[5]">&gt;&gt;</a>&nbsp;&nbsp;&nbsp;UsageFault_Handler
</UL>
<BR>[Address Reference Count : 1]<UL><LI> startup_mm32f327x_keil.o(RESET)
</UL>
<P><STRONG><a name="[a7]"></a>afio_init</STRONG> (Thumb, 126 bytes, Stack size 16 bytes, zf_gpio.o(.text.afio_init))
<BR><BR>[Stack]<UL><LI>Max Depth = 16<LI>Call Chain = afio_init
</UL>
<BR>[Called By]<UL><LI><a href="#[ba]">&gt;&gt;</a>&nbsp;&nbsp;&nbsp;spi_init
<LI><a href="#[a4]">&gt;&gt;</a>&nbsp;&nbsp;&nbsp;camera_tim_etr_init
<LI><a href="#[8f]">&gt;&gt;</a>&nbsp;&nbsp;&nbsp;uart_init
<LI><a href="#[8c]">&gt;&gt;</a>&nbsp;&nbsp;&nbsp;tim_encoder_init
<LI><a href="#[8b]">&gt;&gt;</a>&nbsp;&nbsp;&nbsp;pwm_init
</UL>

<P><STRONG><a name="[c7]"></a>binarization2</STRONG> (Thumb, 208 bytes, Stack size 28 bytes, image_handle.o(.text.binarization2))
<BR><BR>[Stack]<UL><LI>Max Depth = 28<LI>Call Chain = binarization2
</UL>
<BR>[Called By]<UL><LI><a href="#[48]">&gt;&gt;</a>&nbsp;&nbsp;&nbsp;main
</UL>

<P><STRONG><a name="[85]"></a>board_init</STRONG> (Thumb, 50 bytes, Stack size 0 bytes, board.o(.text.board_init))
<BR><BR>[Stack]<UL><LI>Max Depth = 32<LI>Call Chain = board_init &rArr; uart_init &rArr; afio_init
</UL>
<BR>[Calls]<UL><LI><a href="#[8f]">&gt;&gt;</a>&nbsp;&nbsp;&nbsp;uart_init
</UL>
<BR>[Called By]<UL><LI><a href="#[84]">&gt;&gt;</a>&nbsp;&nbsp;&nbsp;My_Init
</UL>

<P><STRONG><a name="[9e]"></a>camera_dma_init</STRONG> (Thumb, 260 bytes, Stack size 56 bytes, zf_camera.o(.text.camera_dma_init))
<BR><BR>[Stack]<UL><LI>Max Depth = 72<LI>Call Chain = camera_dma_init &rArr; DMA_Init
</UL>
<BR>[Calls]<UL><LI><a href="#[9f]">&gt;&gt;</a>&nbsp;&nbsp;&nbsp;RCC_AHBPeriphClockCmd
<LI><a href="#[a1]">&gt;&gt;</a>&nbsp;&nbsp;&nbsp;DMA_Init
<LI><a href="#[a2]">&gt;&gt;</a>&nbsp;&nbsp;&nbsp;DMA_ITConfig
<LI><a href="#[a0]">&gt;&gt;</a>&nbsp;&nbsp;&nbsp;DMA_DeInit
<LI><a href="#[a3]">&gt;&gt;</a>&nbsp;&nbsp;&nbsp;DMA_Cmd
</UL>
<BR>[Called By]<UL><LI><a href="#[cb]">&gt;&gt;</a>&nbsp;&nbsp;&nbsp;mt9v03x_dma_init
</UL>

<P><STRONG><a name="[a4]"></a>camera_tim_etr_init</STRONG> (Thumb, 226 bytes, Stack size 32 bytes, zf_camera.o(.text.camera_tim_etr_init))
<BR><BR>[Stack]<UL><LI>Max Depth = 48<LI>Call Chain = camera_tim_etr_init &rArr; afio_init
</UL>
<BR>[Calls]<UL><LI><a href="#[a7]">&gt;&gt;</a>&nbsp;&nbsp;&nbsp;afio_init
<LI><a href="#[a8]">&gt;&gt;</a>&nbsp;&nbsp;&nbsp;TIM_TimeBaseInit
<LI><a href="#[ab]">&gt;&gt;</a>&nbsp;&nbsp;&nbsp;TIM_SelectSlaveMode
<LI><a href="#[ac]">&gt;&gt;</a>&nbsp;&nbsp;&nbsp;TIM_SelectMasterSlaveMode
<LI><a href="#[aa]">&gt;&gt;</a>&nbsp;&nbsp;&nbsp;TIM_SelectInputTrigger
<LI><a href="#[a9]">&gt;&gt;</a>&nbsp;&nbsp;&nbsp;TIM_ETRClockMode1Config
<LI><a href="#[ae]">&gt;&gt;</a>&nbsp;&nbsp;&nbsp;TIM_DMACmd
<LI><a href="#[ad]">&gt;&gt;</a>&nbsp;&nbsp;&nbsp;TIM_Cmd
<LI><a href="#[a5]">&gt;&gt;</a>&nbsp;&nbsp;&nbsp;RCC_APB2PeriphClockCmd
<LI><a href="#[a6]">&gt;&gt;</a>&nbsp;&nbsp;&nbsp;RCC_APB1PeriphClockCmd
</UL>
<BR>[Called By]<UL><LI><a href="#[8a]">&gt;&gt;</a>&nbsp;&nbsp;&nbsp;mt9v03x_init
</UL>

<P><STRONG><a name="[af]"></a>clean</STRONG> (Thumb, 472 bytes, Stack size 16 bytes, main.o(.text.clean))
<BR><BR>[Stack]<UL><LI>Max Depth = 16<LI>Call Chain = clean
</UL>
<BR>[Calls]<UL><LI><a href="#[b0]">&gt;&gt;</a>&nbsp;&nbsp;&nbsp;__aeabi_memclr4
</UL>
<BR>[Called By]<UL><LI><a href="#[48]">&gt;&gt;</a>&nbsp;&nbsp;&nbsp;main
</UL>

<P><STRONG><a name="[c6]"></a>conv_bin_special</STRONG> (Thumb, 792 bytes, Stack size 76 bytes, pengzhang.o(.text.conv_bin_special))
<BR><BR>[Stack]<UL><LI>Max Depth = 76<LI>Call Chain = conv_bin_special
</UL>
<BR>[Called By]<UL><LI><a href="#[48]">&gt;&gt;</a>&nbsp;&nbsp;&nbsp;main
</UL>

<P><STRONG><a name="[c5]"></a>copy</STRONG> (Thumb, 176 bytes, Stack size 32 bytes, image_handle.o(.text.copy))
<BR><BR>[Stack]<UL><LI>Max Depth = 32<LI>Call Chain = copy
</UL>
<BR>[Called By]<UL><LI><a href="#[48]">&gt;&gt;</a>&nbsp;&nbsp;&nbsp;main
</UL>

<P><STRONG><a name="[b1]"></a>exti_interrupt_init</STRONG> (Thumb, 150 bytes, Stack size 40 bytes, zf_exti.o(.text.exti_interrupt_init))
<BR><BR>[Stack]<UL><LI>Max Depth = 64<LI>Call Chain = exti_interrupt_init &rArr; nvic_init &rArr; NVIC_Init
</UL>
<BR>[Calls]<UL><LI><a href="#[b3]">&gt;&gt;</a>&nbsp;&nbsp;&nbsp;EXTI_StructInit
<LI><a href="#[b2]">&gt;&gt;</a>&nbsp;&nbsp;&nbsp;EXTI_LineConfig
<LI><a href="#[b4]">&gt;&gt;</a>&nbsp;&nbsp;&nbsp;EXTI_Init
<LI><a href="#[b5]">&gt;&gt;</a>&nbsp;&nbsp;&nbsp;nvic_init
<LI><a href="#[86]">&gt;&gt;</a>&nbsp;&nbsp;&nbsp;gpio_init
</UL>
<BR>[Called By]<UL><LI><a href="#[8a]">&gt;&gt;</a>&nbsp;&nbsp;&nbsp;mt9v03x_init
</UL>

<P><STRONG><a name="[4b]"></a>fputc</STRONG> (Thumb, 42 bytes, Stack size 0 bytes, zf_uart.o(.text.fputc))
<BR>[Address Reference Count : 1]<UL><LI> printf6.o(i.__0printf$6)
</UL>
<P><STRONG><a name="[b6]"></a>get_config</STRONG> (Thumb, 500 bytes, Stack size 24 bytes, seekfree_mt9v03x.o(.text.get_config))
<BR><BR>[Stack]<UL><LI>Max Depth = 32<LI>Call Chain = get_config &rArr; uart_putbuff
</UL>
<BR>[Calls]<UL><LI><a href="#[b7]">&gt;&gt;</a>&nbsp;&nbsp;&nbsp;uart_putbuff
</UL>
<BR>[Called By]<UL><LI><a href="#[8a]">&gt;&gt;</a>&nbsp;&nbsp;&nbsp;mt9v03x_init
</UL>

<P><STRONG><a name="[7b]"></a>get_icm20602_accdata_spi</STRONG> (Thumb, 92 bytes, Stack size 16 bytes, seekfree_icm20602.o(.text.get_icm20602_accdata_spi))
<BR><BR>[Stack]<UL><LI>Max Depth = 24<LI>Call Chain = get_icm20602_accdata_spi &rArr; spi_mosi
</UL>
<BR>[Calls]<UL><LI><a href="#[b8]">&gt;&gt;</a>&nbsp;&nbsp;&nbsp;spi_mosi
</UL>
<BR>[Called By]<UL><LI><a href="#[7a]">&gt;&gt;</a>&nbsp;&nbsp;&nbsp;Get_Attitude
</UL>

<P><STRONG><a name="[7e]"></a>get_icm20602_gyro_spi</STRONG> (Thumb, 92 bytes, Stack size 16 bytes, seekfree_icm20602.o(.text.get_icm20602_gyro_spi))
[...]
<LI><a href="#[51]">&gt;&gt;</a>&nbsp;&nbsp;&nbsp;__aeabi_fadd
<LI><a href="#[5f]">&gt;&gt;</a>&nbsp;&nbsp;&nbsp;__aeabi_ddiv
<LI><a href="#[84]">&gt;&gt;</a>&nbsp;&nbsp;&nbsp;My_Init
<LI><a href="#[7f]">&gt;&gt;</a>&nbsp;&nbsp;&nbsp;Get_Roi
<LI><a href="#[9a]">&gt;&gt;</a>&nbsp;&nbsp;&nbsp;uart_query
<LI><a href="#[97]">&gt;&gt;</a>&nbsp;&nbsp;&nbsp;__aeabi_f2iz
<LI><a href="#[81]">&gt;&gt;</a>&nbsp;&nbsp;&nbsp;__aeabi_f2d
<LI><a href="#[57]">&gt;&gt;</a>&nbsp;&nbsp;&nbsp;__aeabi_dadd
<LI><a href="#[63]">&gt;&gt;</a>&nbsp;&nbsp;&nbsp;__aeabi_d2iz
</UL>
<BR>[Address Reference Count : 1]<UL><LI> entry9a.o(.ARM.Collect$$$$0000000B)
</UL>
<P><STRONG><a name="[6f]"></a>mt9v03x_dma</STRONG> (Thumb, 30 bytes, Stack size 0 bytes, seekfree_mt9v03x.o(.text.mt9v03x_dma))
<BR><BR>[Called By]<UL><LI><a href="#[18]">&gt;&gt;</a>&nbsp;&nbsp;&nbsp;DMA1_Channel4_IRQHandler
</UL>

<P><STRONG><a name="[cb]"></a>mt9v03x_dma_init</STRONG> (Thumb, 154 bytes, Stack size 8 bytes, seekfree_mt9v03x.o(.text.mt9v03x_dma_init))
<BR><BR>[Stack]<UL><LI>Max Depth = 80<LI>Call Chain = mt9v03x_dma_init &rArr; camera_dma_init &rArr; DMA_Init
</UL>
<BR>[Calls]<UL><LI><a href="#[9e]">&gt;&gt;</a>&nbsp;&nbsp;&nbsp;camera_dma_init
<LI><a href="#[9f]">&gt;&gt;</a>&nbsp;&nbsp;&nbsp;RCC_AHBPeriphClockCmd
<LI><a href="#[b5]">&gt;&gt;</a>&nbsp;&nbsp;&nbsp;nvic_init
<LI><a href="#[86]">&gt;&gt;</a>&nbsp;&nbsp;&nbsp;gpio_init
</UL>
<BR>[Called By]<UL><LI><a href="#[8a]">&gt;&gt;</a>&nbsp;&nbsp;&nbsp;mt9v03x_init
</UL>

<P><STRONG><a name="[8a]"></a>mt9v03x_init</STRONG> (Thumb, 164 bytes, Stack size 16 bytes, seekfree_mt9v03x.o(.text.mt9v03x_init))
<BR><BR>[Stack]<UL><LI>Max Depth = 96<LI>Call Chain = mt9v03x_init &rArr; mt9v03x_dma_init &rArr; camera_dma_init &rArr; DMA_Init
</UL>
<BR>[Calls]<UL><LI><a href="#[b1]">&gt;&gt;</a>&nbsp;&nbsp;&nbsp;exti_interrupt_init
<LI><a href="#[a4]">&gt;&gt;</a>&nbsp;&nbsp;&nbsp;camera_tim_etr_init
<LI><a href="#[b5]">&gt;&gt;</a>&nbsp;&nbsp;&nbsp;nvic_init
<LI><a href="#[8f]">&gt;&gt;</a>&nbsp;&nbsp;&nbsp;uart_init
<LI><a href="#[86]">&gt;&gt;</a>&nbsp;&nbsp;&nbsp;gpio_init
<LI><a href="#[b9]">&gt;&gt;</a>&nbsp;&nbsp;&nbsp;systick_delay_ms
<LI><a href="#[cd]">&gt;&gt;</a>&nbsp;&nbsp;&nbsp;set_config
<LI><a href="#[cb]">&gt;&gt;</a>&nbsp;&nbsp;&nbsp;mt9v03x_dma_init
<LI><a href="#[b6]">&gt;&gt;</a>&nbsp;&nbsp;&nbsp;get_config
<LI><a href="#[cc]">&gt;&gt;</a>&nbsp;&nbsp;&nbsp;uart_rx_irq
</UL>
<BR>[Called By]<UL><LI><a href="#[84]">&gt;&gt;</a>&nbsp;&nbsp;&nbsp;My_Init
</UL>

<P><STRONG><a name="[9d]"></a>mt9v03x_uart_callback</STRONG> (Thumb, 68 bytes, Stack size 0 bytes, seekfree_mt9v03x.o(.text.mt9v03x_uart_callback))
<BR><BR>[Called By]<UL><LI><a href="#[47]">&gt;&gt;</a>&nbsp;&nbsp;&nbsp;UART8_IRQHandler
</UL>

<P><STRONG><a name="[74]"></a>mt9v03x_vsync</STRONG> (Thumb, 22 bytes, Stack size 0 bytes, seekfree_mt9v03x.o(.text.mt9v03x_vsync))
<BR><BR>[Called By]<UL><LI><a href="#[1f]">&gt;&gt;</a>&nbsp;&nbsp;&nbsp;EXTI9_5_IRQHandler
</UL>

<P><STRONG><a name="[77]"></a>my_sqrt</STRONG> (Thumb, 100 bytes, Stack size 16 bytes, mymath.o(.text.my_sqrt))
<BR><BR>[Stack]<UL><LI>Max Depth = 36<LI>Call Chain = my_sqrt &rArr; __aeabi_fsub &rArr; __aeabi_fadd &rArr; _float_epilogue
</UL>
<BR>[Calls]<UL><LI><a href="#[54]">&gt;&gt;</a>&nbsp;&nbsp;&nbsp;__aeabi_fsub
<LI><a href="#[69]">&gt;&gt;</a>&nbsp;&nbsp;&nbsp;__aeabi_fmul
</UL>
<BR>[Called By]<UL><LI><a href="#[76]">&gt;&gt;</a>&nbsp;&nbsp;&nbsp;Fhan_ADRC
</UL>

<P><STRONG><a name="[b5]"></a>nvic_init</STRONG> (Thumb, 36 bytes, Stack size 16 bytes, common.o(.text.nvic_init))
<BR><BR>[Stack]<UL><LI>Max Depth = 24<LI>Call Chain = nvic_init &rArr; NVIC_Init
</UL>
<BR>[Calls]<UL><LI><a href="#[ce]">&gt;&gt;</a>&nbsp;&nbsp;&nbsp;NVIC_Init
</UL>
<BR>[Called By]<UL><LI><a href="#[b1]">&gt;&gt;</a>&nbsp;&nbsp;&nbsp;exti_interrupt_init
<LI><a href="#[91]">&gt;&gt;</a>&nbsp;&nbsp;&nbsp;tim_interrupt_init_ms
<LI><a href="#[8a]">&gt;&gt;</a>&nbsp;&nbsp;&nbsp;mt9v03x_init
<LI><a href="#[cb]">&gt;&gt;</a>&nbsp;&nbsp;&nbsp;mt9v03x_dma_init
<LI><a href="#[cc]">&gt;&gt;</a>&nbsp;&nbsp;&nbsp;uart_rx_irq
</UL>

<P><STRONG><a name="[99]"></a>out_Turn</STRONG> (Thumb, 116 bytes, Stack size 24 bytes, pid.o(.text.out_Turn))
<BR><BR>[Stack]<UL><LI>Max Depth = 44<LI>Call Chain = out_Turn &rArr; __aeabi_fsub &rArr; __aeabi_fadd &rArr; _float_epilogue
</UL>
<BR>[Calls]<UL><LI><a href="#[6a]">&gt;&gt;</a>&nbsp;&nbsp;&nbsp;__aeabi_fcmpgt
<LI><a href="#[6b]">&gt;&gt;</a>&nbsp;&nbsp;&nbsp;__aeabi_fcmpge
<LI><a href="#[54]">&gt;&gt;</a>&nbsp;&nbsp;&nbsp;__aeabi_fsub
<LI><a href="#[51]">&gt;&gt;</a>&nbsp;&nbsp;&nbsp;__aeabi_fadd
<LI><a href="#[60]">&gt;&gt;</a>&nbsp;&nbsp;&nbsp;__aeabi_i2f
<LI><a href="#[69]">&gt;&gt;</a>&nbsp;&nbsp;&nbsp;__aeabi_fmul
</UL>
<BR>[Called By]<UL><LI><a href="#[21]">&gt;&gt;</a>&nbsp;&nbsp;&nbsp;TIM1_UP_IRQHandler
</UL>

<P><STRONG><a name="[9c]"></a>ov7725_cof_uart_interrupt</STRONG> (Thumb, 60 bytes, Stack size 0 bytes, seekfree_uart_7725.o(.text.ov7725_cof_uart_interrupt))
<BR><BR>[Called By]<UL><LI><a href="#[47]">&gt;&gt;</a>&nbsp;&nbsp;&nbsp;UART8_IRQHandler
</UL>

<P><STRONG><a name="[6e]"></a>ov7725_dma</STRONG> (Thumb, 30 bytes, Stack size 0 bytes, seekfree_7725.o(.text.ov7725_dma))
<BR><BR>[Called By]<UL><LI><a href="#[18]">&gt;&gt;</a>&nbsp;&nbsp;&nbsp;DMA1_Channel4_IRQHandler
</UL>

<P><STRONG><a name="[70]"></a>ov7725_uart_dma</STRONG> (Thumb, 30 bytes, Stack size 0 bytes, seekfree_uart_7725.o(.text.ov7725_uart_dma))
<BR><BR>[Called By]<UL><LI><a href="#[18]">&gt;&gt;</a>&nbsp;&nbsp;&nbsp;DMA1_Channel4_IRQHandler
</UL>

<P><STRONG><a name="[75]"></a>ov7725_uart_vsync</STRONG> (Thumb, 22 bytes, Stack size 0 bytes, seekfree_uart_7725.o(.text.ov7725_uart_vsync))
<BR><BR>[Called By]<UL><LI><a href="#[1f]">&gt;&gt;</a>&nbsp;&nbsp;&nbsp;EXTI9_5_IRQHandler
</UL>

<P><STRONG><a name="[73]"></a>ov7725_vsync</STRONG> (Thumb, 22 bytes, Stack size 0 bytes, seekfree_7725.o(.text.ov7725_vsync))
<BR><BR>[Called By]<UL><LI><a href="#[1f]">&gt;&gt;</a>&nbsp;&nbsp;&nbsp;EXTI9_5_IRQHandler
</UL>

<P><STRONG><a name="[c8]"></a>pengzhang2</STRONG> (Thumb, 1368 bytes, Stack size 32 bytes, pengzhang.o(.text.pengzhang2))
<BR><BR>[Stack]<UL><LI>Max Depth = 32<LI>Call Chain = pengzhang2
</UL>
<BR>[Calls]<UL><LI><a href="#[4e]">&gt;&gt;</a>&nbsp;&nbsp;&nbsp;__aeabi_memclr
<LI><a href="#[4f]">&gt;&gt;</a>&nbsp;&nbsp;&nbsp;__aeabi_memset
</UL>
<BR>[Called By]<UL><LI><a href="#[48]">&gt;&gt;</a>&nbsp;&nbsp;&nbsp;main
</UL>

<P><STRONG><a name="[cf]"></a>pwm_duty_updata</STRONG> (Thumb, 130 bytes, Stack size 24 bytes, zf_pwm.o(.text.pwm_duty_updata))
<BR><BR>[Stack]<UL><LI>Max Depth = 32<LI>Call Chain = pwm_duty_updata &rArr; __aeabi_fmul
</UL>
<BR>[Calls]<UL><LI><a href="#[61]">&gt;&gt;</a>&nbsp;&nbsp;&nbsp;__aeabi_ui2f
<LI><a href="#[60]">&gt;&gt;</a>&nbsp;&nbsp;&nbsp;__aeabi_i2f
<LI><a href="#[69]">&gt;&gt;</a>&nbsp;&nbsp;&nbsp;__aeabi_fmul
<LI><a href="#[56]">&gt;&gt;</a>&nbsp;&nbsp;&nbsp;__aeabi_fdiv
<LI><a href="#[97]">&gt;&gt;</a>&nbsp;&nbsp;&nbsp;__aeabi_f2iz
</UL>
<BR>[Called By]<UL><LI><a href="#[98]">&gt;&gt;</a>&nbsp;&nbsp;&nbsp;pwn_out
</UL>

<P><STRONG><a name="[8b]"></a>pwm_init</STRONG> (Thumb, 344 bytes, Stack size 32 bytes, zf_pwm.o(.text.pwm_init))
<BR><BR>[Stack]<UL><LI>Max Depth = 48<LI>Call Chain = pwm_init &rArr; afio_init
</UL>
<BR>[Calls]<UL><LI><a href="#[a7]">&gt;&gt;</a>&nbsp;&nbsp;&nbsp;afio_init
<LI><a href="#[61]">&gt;&gt;</a>&nbsp;&nbsp;&nbsp;__aeabi_ui2f
<LI><a href="#[60]">&gt;&gt;</a>&nbsp;&nbsp;&nbsp;__aeabi_i2f
<LI><a href="#[69]">&gt;&gt;</a>&nbsp;&nbsp;&nbsp;__aeabi_fmul
<LI><a href="#[56]">&gt;&gt;</a>&nbsp;&nbsp;&nbsp;__aeabi_fdiv
<LI><a href="#[97]">&gt;&gt;</a>&nbsp;&nbsp;&nbsp;__aeabi_f2iz
</UL>
<BR>[Called By]<UL><LI><a href="#[84]">&gt;&gt;</a>&nbsp;&nbsp;&nbsp;My_Init
</UL>

<P><STRONG><a name="[98]"></a>pwn_out</STRONG> (Thumb, 182 bytes, Stack size 16 bytes, motor.o(.text.pwn_out))
<BR><BR>[Stack]<UL><LI>Max Depth = 48<LI>Call Chain = pwn_out &rArr; pwm_duty_updata &rArr; __aeabi_fmul
</UL>
<BR>[Calls]<UL><LI><a href="#[cf]">&gt;&gt;</a>&nbsp;&nbsp;&nbsp;pwm_duty_updata
</UL>
<BR>[Called By]<UL><LI><a href="#[21]">&gt;&gt;</a>&nbsp;&nbsp;&nbsp;TIM1_UP_IRQHandler
</UL>

<P><STRONG><a name="[cd]"></a>set_config</STRONG> (Thumb, 398 bytes, Stack size 32 bytes, seekfree_mt9v03x.o(.text.set_config))
<BR><BR>[Stack]<UL><LI>Max Depth = 48<LI>Call Chain = set_config &rArr; systick_delay_ms
</UL>
<BR>[Calls]<UL><LI><a href="#[b9]">&gt;&gt;</a>&nbsp;&nbsp;&nbsp;systick_delay_ms
<LI><a href="#[b7]">&gt;&gt;</a>&nbsp;&nbsp;&nbsp;uart_putbuff
</UL>
<BR>[Called By]<UL><LI><a href="#[8a]">&gt;&gt;</a>&nbsp;&nbsp;&nbsp;mt9v03x_init
</UL>

<P><STRONG><a name="[ba]"></a>spi_init</STRONG> (Thumb, 368 bytes, Stack size 24 bytes, zf_spi.o(.text.spi_init))
<BR><BR>[Stack]<UL><LI>Max Depth = 40<LI>Call Chain = spi_init &rArr; afio_init
</UL>
<BR>[Calls]<UL><LI><a href="#[a7]">&gt;&gt;</a>&nbsp;&nbsp;&nbsp;afio_init
</UL>
<BR>[Called By]<UL><LI><a href="#[88]">&gt;&gt;</a>&nbsp;&nbsp;&nbsp;ips114_init
<LI><a href="#[87]">&gt;&gt;</a>&nbsp;&nbsp;&nbsp;icm20602_init_spi
</UL>

<P><STRONG><a name="[b8]"></a>spi_mosi</STRONG> (Thumb, 132 bytes, Stack size 8 bytes, zf_spi.o(.text.spi_mosi))
<BR><BR>[Stack]<UL><LI>Max Depth = 8<LI>Call Chain = spi_mosi
</UL>
<BR>[Called By]<UL><LI><a href="#[88]">&gt;&gt;</a>&nbsp;&nbsp;&nbsp;ips114_init
<LI><a href="#[90]">&gt;&gt;</a>&nbsp;&nbsp;&nbsp;ips114_clear
<LI><a href="#[87]">&gt;&gt;</a>&nbsp;&nbsp;&nbsp;icm20602_init_spi
<LI><a href="#[7e]">&gt;&gt;</a>&nbsp;&nbsp;&nbsp;get_icm20602_gyro_spi
<LI><a href="#[7b]">&gt;&gt;</a>&nbsp;&nbsp;&nbsp;get_icm20602_accdata_spi
<LI><a href="#[bc]">&gt;&gt;</a>&nbsp;&nbsp;&nbsp;ips114_displayimage032
<LI><a href="#[bd]">&gt;&gt;</a>&nbsp;&nbsp;&nbsp;ips114_showchar
<LI><a href="#[bb]">&gt;&gt;</a>&nbsp;&nbsp;&nbsp;ips114_set_region
</UL>

<P><STRONG><a name="[b9]"></a>systick_delay_ms</STRONG> (Thumb, 450 bytes, Stack size 16 bytes, zf_systick.o(.text.systick_delay_ms))
<BR><BR>[Stack]<UL><LI>Max Depth = 16<LI>Call Chain = systick_delay_ms
</UL>
<BR>[Called By]<UL><LI><a href="#[8a]">&gt;&gt;</a>&nbsp;&nbsp;&nbsp;mt9v03x_init
<LI><a href="#[88]">&gt;&gt;</a>&nbsp;&nbsp;&nbsp;ips114_init
<LI><a href="#[87]">&gt;&gt;</a>&nbsp;&nbsp;&nbsp;icm20602_init_spi
<LI><a href="#[48]">&gt;&gt;</a>&nbsp;&nbsp;&nbsp;main
<LI><a href="#[cd]">&gt;&gt;</a>&nbsp;&nbsp;&nbsp;set_config
</UL>

<P><STRONG><a name="[93]"></a>tim_counter_get_count</STRONG> (Thumb, 22 bytes, Stack size 0 bytes, zf_tim.o(.text.tim_counter_get_count))
<BR><BR>[Called By]<UL><LI><a href="#[92]">&gt;&gt;</a>&nbsp;&nbsp;&nbsp;Speed_Measure
</UL>

<P><STRONG><a name="[8c]"></a>tim_encoder_init</STRONG> (Thumb, 148 bytes, Stack size 24 bytes, zf_tim.o(.text.tim_encoder_init))
<BR><BR>[Stack]<UL><LI>Max Depth = 40<LI>Call Chain = tim_encoder_init &rArr; afio_init
</UL>
<BR>[Calls]<UL><LI><a href="#[a7]">&gt;&gt;</a>&nbsp;&nbsp;&nbsp;afio_init
</UL>
<BR>[Called By]<UL><LI><a href="#[84]">&gt;&gt;</a>&nbsp;&nbsp;&nbsp;My_Init
</UL>

<P><STRONG><a name="[94]"></a>tim_encoder_rst</STRONG> (Thumb, 26 bytes, Stack size 0 bytes, zf_tim.o(.text.tim_encoder_rst))
<BR><BR>[Called By]<UL><LI><a href="#[92]">&gt;&gt;</a>&nbsp;&nbsp;&nbsp;Speed_Measure
</UL>

<P><STRONG><a name="[91]"></a>tim_interrupt_init_ms</STRONG> (Thumb, 168 bytes, Stack size 16 bytes, zf_pit.o(.text.tim_interrupt_init_ms))
<BR><BR>[Stack]<UL><LI>Max Depth = 40<LI>Call Chain = tim_interrupt_init_ms &rArr; nvic_init &rArr; NVIC_Init
</UL>
<BR>[Calls]<UL><LI><a href="#[b5]">&gt;&gt;</a>&nbsp;&nbsp;&nbsp;nvic_init
</UL>
<BR>[Called By]<UL><LI><a href="#[84]">&gt;&gt;</a>&nbsp;&nbsp;&nbsp;My_Init
</UL>

<P><STRONG><a name="[8f]"></a>uart_init</STRONG> (Thumb, 412 bytes, Stack size 16 bytes, zf_uart.o(.text.uart_init))
<BR><BR>[Stack]<UL><LI>Max Depth = 32<LI>Call Chain = uart_init &rArr; afio_init
</UL>
<BR>[Calls]<UL><LI><a href="#[a7]">&gt;&gt;</a>&nbsp;&nbsp;&nbsp;afio_init
</UL>
<BR>[Called By]<UL><LI><a href="#[8a]">&gt;&gt;</a>&nbsp;&nbsp;&nbsp;mt9v03x_init
<LI><a href="#[85]">&gt;&gt;</a>&nbsp;&nbsp;&nbsp;board_init
<LI><a href="#[84]">&gt;&gt;</a>&nbsp;&nbsp;&nbsp;My_Init
</UL>

<P><STRONG><a name="[b7]"></a>uart_putbuff</STRONG> (Thumb, 318 bytes, Stack size 8 bytes, zf_uart.o(.text.uart_putbuff))
<BR><BR>[Stack]<UL><LI>Max Depth = 8<LI>Call Chain = uart_putbuff
</UL>
<BR>[Called By]<UL><LI><a href="#[cd]">&gt;&gt;</a>&nbsp;&nbsp;&nbsp;set_config
<LI><a href="#[b6]">&gt;&gt;</a>&nbsp;&nbsp;&nbsp;get_config
</UL>

<P><STRONG><a name="[c4]"></a>uart_putchar</STRONG> (Thumb, 50 bytes, Stack size 0 bytes, zf_uart.o(.text.uart_putchar))
<BR><BR>[Called By]<UL><LI><a href="#[48]">&gt;&gt;</a>&nbsp;&nbsp;&nbsp;main
</UL>

<P><STRONG><a name="[9a]"></a>uart_query</STRONG> (Thumb, 30 bytes, Stack size 0 bytes, zf_uart.o(.text.uart_query))
<BR><BR>[Called By]<UL><LI><a href="#[48]">&gt;&gt;</a>&nbsp;&nbsp;&nbsp;main
<LI><a href="#[2b]">&gt;&gt;</a>&nbsp;&nbsp;&nbsp;UART1_IRQHandler
</UL>

<P><STRONG><a name="[cc]"></a>uart_rx_irq</STRONG> (Thumb, 40 bytes, Stack size 0 bytes, zf_uart.o(.text.uart_rx_irq))
<BR><BR>[Stack]<UL><LI>Max Depth = 24<LI>Call Chain = uart_rx_irq &rArr; nvic_init &rArr; NVIC_Init
</UL>
<BR>[Calls]<UL><LI><a href="#[b5]">&gt;&gt;</a>&nbsp;&nbsp;&nbsp;nvic_init
</UL>
<BR>[Called By]<UL><LI><a href="#[8a]">&gt;&gt;</a>&nbsp;&nbsp;&nbsp;mt9v03x_init
</UL>

<P><STRONG><a name="[c0]"></a>zf_sprintf</STRONG> (Thumb, 3500 bytes, Stack size 120 bytes, seekfree_printf.o(.text.zf_sprintf))
<BR><BR>[Stack]<UL><LI>Max Depth = 208<LI>Call Chain = zf_sprintf &rArr; __aeabi_dsub &rArr; __aeabi_dadd &rArr; _double_epilogue &rArr; _double_round
</UL>
<BR>[Calls]<UL><LI><a href="#[bf]">&gt;&gt;</a>&nbsp;&nbsp;&nbsp;__aeabi_dcmpge
<LI><a href="#[d1]">&gt;&gt;</a>&nbsp;&nbsp;&nbsp;__aeabi_dcmpeq
<LI><a href="#[5c]">&gt;&gt;</a>&nbsp;&nbsp;&nbsp;__aeabi_dsub
<LI><a href="#[5e]">&gt;&gt;</a>&nbsp;&nbsp;&nbsp;__aeabi_dmul
<LI><a href="#[62]">&gt;&gt;</a>&nbsp;&nbsp;&nbsp;__aeabi_i2d
<LI><a href="#[63]">&gt;&gt;</a>&nbsp;&nbsp;&nbsp;__aeabi_d2iz
<LI><a href="#[4f]">&gt;&gt;</a>&nbsp;&nbsp;&nbsp;__aeabi_memset
<LI><a href="#[d0]">&gt;&gt;</a>&nbsp;&nbsp;&nbsp;__aeabi_memcpy
</UL>
<BR>[Called By]<UL><LI><a href="#[be]">&gt;&gt;</a>&nbsp;&nbsp;&nbsp;ips114_showfloat
</UL>

<P><STRONG><a name="[d2]"></a>__0printf$6</STRONG> (Thumb, 22 bytes, Stack size 24 bytes, printf6.o(i.__0printf$6), UNUSED)
<BR><BR>[Calls]<UL><LI><a href="#[d3]">&gt;&gt;</a>&nbsp;&nbsp;&nbsp;_printf_core
</UL>

<P><STRONG><a name="[f1]"></a>__1printf$6</STRONG> (Thumb, 0 bytes, Stack size 24 bytes, printf6.o(i.__0printf$6), UNUSED)

<P><STRONG><a name="[9b]"></a>__2printf</STRONG> (Thumb, 0 bytes, Stack size 24 bytes, printf6.o(i.__0printf$6))
<BR><BR>[Stack]<UL><LI>Max Depth = 24<LI>Call Chain = __2printf
</UL>
<BR>[Called By]<UL><LI><a href="#[2b]">&gt;&gt;</a>&nbsp;&nbsp;&nbsp;UART1_IRQHandler
</UL>

<P><STRONG><a name="[d4]"></a>__kernel_poly</STRONG> (Thumb, 170 bytes, Stack size 24 bytes, poly.o(i.__kernel_poly))
<BR><BR>[Stack]<UL><LI>Max Depth = 112<LI>Call Chain = __kernel_poly &rArr; __aeabi_dmul &rArr; _double_epilogue &rArr; _double_round
</UL>
<BR>[Calls]<UL><LI><a href="#[5e]">&gt;&gt;</a>&nbsp;&nbsp;&nbsp;__aeabi_dmul
<LI><a href="#[57]">&gt;&gt;</a>&nbsp;&nbsp;&nbsp;__aeabi_dadd
</UL>
<BR>[Called By]<UL><LI><a href="#[7c]">&gt;&gt;</a>&nbsp;&nbsp;&nbsp;acos
</UL>

<P><STRONG><a name="[d5]"></a>__mathlib_dbl_infnan</STRONG> (Thumb, 6 bytes, Stack size 0 bytes, dunder.o(i.__mathlib_dbl_infnan))
<BR><BR>[Stack]<UL><LI>Max Depth = 16<LI>Call Chain = __mathlib_dbl_infnan &rArr; __ARM_scalbn
</UL>
<BR>[Calls]<UL><LI><a href="#[d6]">&gt;&gt;</a>&nbsp;&nbsp;&nbsp;__ARM_scalbn
</UL>
<BR>[Called By]<UL><LI><a href="#[7c]">&gt;&gt;</a>&nbsp;&nbsp;&nbsp;acos
</UL>

<P><STRONG><a name="[d7]"></a>__mathlib_dbl_invalid</STRONG> (Thumb, 12 bytes, Stack size 0 bytes, dunder.o(i.__mathlib_dbl_invalid))
<BR><BR>[Stack]<UL><LI>Max Depth = 40<LI>Call Chain = __mathlib_dbl_invalid &rArr; __aeabi_ddiv &rArr; _double_round
</UL>
<BR>[Calls]<UL><LI><a href="#[5f]">&gt;&gt;</a>&nbsp;&nbsp;&nbsp;__aeabi_ddiv
</UL>
<BR>[Called By]<UL><LI><a href="#[7c]">&gt;&gt;</a>&nbsp;&nbsp;&nbsp;acos
</UL>

<P><STRONG><a name="[f2]"></a>__scatterload_copy</STRONG> (Thumb, 14 bytes, Stack size unknown bytes, handlers.o(i.__scatterload_copy), UNUSED)

<P><STRONG><a name="[f3]"></a>__scatterload_null</STRONG> (Thumb, 2 bytes, Stack size unknown bytes, handlers.o(i.__scatterload_null), UNUSED)

<P><STRONG><a name="[f4]"></a>__scatterload_zeroinit</STRONG> (Thumb, 14 bytes, Stack size unknown bytes, handlers.o(i.__scatterload_zeroinit), UNUSED)

<P><STRONG><a name="[db]"></a>__set_errno</STRONG> (Thumb, 6 bytes, Stack size 0 bytes, errno.o(i.__set_errno))
<BR><BR>[Called By]<UL><LI><a href="#[dc]">&gt;&gt;</a>&nbsp;&nbsp;&nbsp;sqrt
<LI><a href="#[7c]">&gt;&gt;</a>&nbsp;&nbsp;&nbsp;acos
</UL>

<P><STRONG><a name="[7c]"></a>acos</STRONG> (Thumb, 574 bytes, Stack size 40 bytes, acos.o(i.acos))
<BR><BR>[Stack]<UL><LI>Max Depth = 152<LI>Call Chain = acos &rArr; __kernel_poly &rArr; __aeabi_dmul &rArr; _double_epilogue &rArr; _double_round
</UL>
<BR>[Calls]<UL><LI><a href="#[5c]">&gt;&gt;</a>&nbsp;&nbsp;&nbsp;__aeabi_dsub
<LI><a href="#[5e]">&gt;&gt;</a>&nbsp;&nbsp;&nbsp;__aeabi_dmul
<LI><a href="#[5f]">&gt;&gt;</a>&nbsp;&nbsp;&nbsp;__aeabi_ddiv
<LI><a href="#[57]">&gt;&gt;</a>&nbsp;&nbsp;&nbsp;__aeabi_dadd
<LI><a href="#[dc]">&gt;&gt;</a>&nbsp;&nbsp;&nbsp;sqrt
<LI><a href="#[5d]">&gt;&gt;</a>&nbsp;&nbsp;&nbsp;__aeabi_drsub
<LI><a href="#[d6]">&gt;&gt;</a>&nbsp;&nbsp;&nbsp;__ARM_scalbn
<LI><a href="#[db]">&gt;&gt;</a>&nbsp;&nbsp;&nbsp;__set_errno
<LI><a href="#[d4]">&gt;&gt;</a>&nbsp;&nbsp;&nbsp;__kernel_poly
<LI><a href="#[d7]">&gt;&gt;</a>&nbsp;&nbsp;&nbsp;__mathlib_dbl_invalid
<LI><a href="#[d5]">&gt;&gt;</a>&nbsp;&nbsp;&nbsp;__mathlib_dbl_infnan
</UL>
<BR>[Called By]<UL><LI><a href="#[7a]">&gt;&gt;</a>&nbsp;&nbsp;&nbsp;Get_Attitude
</UL>

<P><STRONG><a name="[dc]"></a>sqrt</STRONG> (Thumb, 76 bytes, Stack size 24 bytes, sqrt.o(i.sqrt))
<BR><BR>[Stack]<UL><LI>Max Depth = 64<LI>Call Chain = sqrt &rArr; _dsqrt &rArr; _double_round
</UL>
<BR>[Calls]<UL><LI><a href="#[66]">&gt;&gt;</a>&nbsp;&nbsp;&nbsp;_dsqrt
<LI><a href="#[db]">&gt;&gt;</a>&nbsp;&nbsp;&nbsp;__set_errno
</UL>
<BR>[Called By]<UL><LI><a href="#[7c]">&gt;&gt;</a>&nbsp;&nbsp;&nbsp;acos
</UL>
<P>
<H3>
Local Symbols
</H3>
<P><STRONG><a name="[bb]"></a>ips114_set_region</STRONG> (Thumb, 378 bytes, Stack size 32 bytes, seekfree_ips114_spi.o(.text.ips114_set_region))
<BR><BR>[Stack]<UL><LI>Max Depth = 40<LI>Call Chain = ips114_set_region &rArr; spi_mosi
</UL>
<BR>[Calls]<UL><LI><a href="#[b8]">&gt;&gt;</a>&nbsp;&nbsp;&nbsp;spi_mosi
</UL>
<BR>[Called By]<UL><LI><a href="#[88]">&gt;&gt;</a>&nbsp;&nbsp;&nbsp;ips114_init
<LI><a href="#[90]">&gt;&gt;</a>&nbsp;&nbsp;&nbsp;ips114_clear
<LI><a href="#[bc]">&gt;&gt;</a>&nbsp;&nbsp;&nbsp;ips114_displayimage032
<LI><a href="#[bd]">&gt;&gt;</a>&nbsp;&nbsp;&nbsp;ips114_showchar
</UL>

<P><STRONG><a name="[d3]"></a>_printf_core</STRONG> (Thumb, 748 bytes, Stack size 96 bytes, printf6.o(i._printf_core), UNUSED)
<BR><BR>[Calls]<UL><LI><a href="#[d9]">&gt;&gt;</a>&nbsp;&nbsp;&nbsp;__aeabi_uidivmod
<LI><a href="#[d8]">&gt;&gt;</a>&nbsp;&nbsp;&nbsp;_printf_pre_padding
<LI><a href="#[da]">&gt;&gt;</a>&nbsp;&nbsp;&nbsp;_printf_post_padding
</UL>
<BR>[Called By]<UL><LI><a href="#[d2]">&gt;&gt;</a>&nbsp;&nbsp;&nbsp;__0printf$6
</UL>

<P><STRONG><a name="[da]"></a>_printf_post_padding</STRONG> (Thumb, 36 bytes, Stack size 24 bytes, printf6.o(i._printf_post_padding), UNUSED)
<BR><BR>[Called By]<UL><LI><a href="#[d3]">&gt;&gt;</a>&nbsp;&nbsp;&nbsp;_printf_core
</UL>

<P><STRONG><a name="[d8]"></a>_printf_pre_padding</STRONG> (Thumb, 46 bytes, Stack size 24 bytes, printf6.o(i._printf_pre_padding), UNUSED)
<BR><BR>[Called By]<UL><LI><a href="#[d3]">&gt;&gt;</a>&nbsp;&nbsp;&nbsp;_printf_core
</UL>
<P>
<H3>
Undefined Global Symbols
</H3><HR></body></html>
